Component: ARM Compiler 5.06 update 3 (build 300) Tool: armlink [4d35c9]

==============================================================================

Section Cross References

    main.o(i.main) refers to stm32f4_discovery.o(i.STM_EVAL_LEDInit) for STM_EVAL_LEDInit
    main.o(i.main) refers to stm32f4xx_rcc.o(i.RCC_GetClocksFreq) for RCC_GetClocksFreq
    main.o(i.main) refers to stm32f4_discovery.o(i.STM_EVAL_PBInit) for STM_EVAL_PBInit
    main.o(i.main) refers to headphone.o(i.WavePlayBack) for WavePlayBack
    main.o(i.main) refers to main.o(.bss) for .bss
    stm32f4xx_it.o(i.EXTI0_IRQHandler) refers to stm32f4xx_exti.o(i.EXTI_GetITStatus) for EXTI_GetITStatus
    stm32f4xx_it.o(i.EXTI0_IRQHandler) refers to stm32f4xx_exti.o(i.EXTI_ClearITPendingBit) for EXTI_ClearITPendingBit
    stm32f4xx_it.o(i.EXTI0_IRQHandler) refers to stm32f4xx_it.o(.data) for .data
    stm32f4xx_it.o(i.EXTI0_IRQHandler) refers to main.o(.data) for user_mode
    stm32f4xx_it.o(i.EXTI1_IRQHandler) refers to stm32f4xx_exti.o(i.EXTI_GetITStatus) for EXTI_GetITStatus
    stm32f4xx_it.o(i.EXTI1_IRQHandler) refers to stm32f4_discovery.o(i.STM_EVAL_LEDToggle) for STM_EVAL_LEDToggle
    stm32f4xx_it.o(i.EXTI1_IRQHandler) refers to stm32f4xx_exti.o(i.EXTI_ClearITPendingBit) for EXTI_ClearITPendingBit
    stm32f4xx_it.o(i.SysTick_Handler) refers to stm32f4_discovery.o(i.STM_EVAL_LEDToggle) for STM_EVAL_LEDToggle
    stm32f4xx_it.o(i.SysTick_Handler) refers to stm32f4_discovery.o(i.STM_EVAL_LEDOn) for STM_EVAL_LEDOn
    stm32f4xx_it.o(i.SysTick_Handler) refers to stm32f4_discovery.o(i.STM_EVAL_LEDOff) for STM_EVAL_LEDOff
    stm32f4xx_it.o(i.SysTick_Handler) refers to stm32f4xx_it.o(.data) for .data
    stm32f4xx_it.o(i.SysTick_Handler) refers to main.o(.data) for user_mode
    system_stm32f4xx.o(i.SystemCoreClockUpdate) refers to system_stm32f4xx.o(.data) for .data
    headphone.o(i.EVAL_AUDIO_TransferComplete_CallBack) refers to stm32f4_discovery_audio_codec.o(i.Audio_MAL_Play) for Audio_MAL_Play
    headphone.o(i.EVAL_AUDIO_TransferComplete_CallBack) refers to headphone.o(.data) for .data
    headphone.o(i.EVAL_AUDIO_TransferComplete_CallBack) refers to headphone.o(.bss) for .bss
    headphone.o(i.USART2_IRQHandler) refers to stm32f4xx_usart.o(i.USART_GetITStatus) for USART_GetITStatus
    headphone.o(i.USART2_IRQHandler) refers to stm32f4xx_usart.o(i.USART_SendData) for USART_SendData
    headphone.o(i.USART2_IRQHandler) refers to ddiv.o(.text) for __aeabi_ddiv
    headphone.o(i.USART2_IRQHandler) refers to headphone.o(.data) for .data
    headphone.o(i.USART_puts) refers to stm32f4xx_usart.o(i.USART_SendData) for USART_SendData
    headphone.o(i.WavePlayBack) refers to stm32f4_discovery.o(i.STM_EVAL_LEDOn) for STM_EVAL_LEDOn
    headphone.o(i.WavePlayBack) refers to microphone.o(i.WaveRecorderBeginSampling) for WaveRecorderBeginSampling
    headphone.o(i.WavePlayBack) refers to stm32f4_discovery_audio_codec.o(i.EVAL_AUDIO_SetAudioInterface) for EVAL_AUDIO_SetAudioInterface
    headphone.o(i.WavePlayBack) refers to stm32f4_discovery_audio_codec.o(i.EVAL_AUDIO_Init) for EVAL_AUDIO_Init
    headphone.o(i.WavePlayBack) refers to stm32f4xx_rcc.o(i.RCC_APB1PeriphClockCmd) for RCC_APB1PeriphClockCmd
    headphone.o(i.WavePlayBack) refers to stm32f4xx_rcc.o(i.RCC_AHB1PeriphClockCmd) for RCC_AHB1PeriphClockCmd
    headphone.o(i.WavePlayBack) refers to stm32f4xx_gpio.o(i.GPIO_Init) for GPIO_Init
    headphone.o(i.WavePlayBack) refers to stm32f4xx_gpio.o(i.GPIO_PinAFConfig) for GPIO_PinAFConfig
    headphone.o(i.WavePlayBack) refers to stm32f4xx_usart.o(i.USART_Init) for USART_Init
    headphone.o(i.WavePlayBack) refers to stm32f4xx_usart.o(i.USART_ITConfig) for USART_ITConfig
    headphone.o(i.WavePlayBack) refers to misc.o(i.NVIC_Init) for NVIC_Init
    headphone.o(i.WavePlayBack) refers to stm32f4xx_usart.o(i.USART_Cmd) for USART_Cmd
    headphone.o(i.WavePlayBack) refers to stm32f4xx_spi.o(i.SPI_I2S_DeInit) for SPI_I2S_DeInit
    headphone.o(i.WavePlayBack) refers to stm32f4xx_rcc.o(i.RCC_APB2PeriphClockCmd) for RCC_APB2PeriphClockCmd
    headphone.o(i.WavePlayBack) refers to stm32f4xx_spi.o(i.SPI_Init) for SPI_Init
    headphone.o(i.WavePlayBack) refers to stm32f4xx_gpio.o(i.GPIO_SetBits) for GPIO_SetBits
    headphone.o(i.WavePlayBack) refers to stm32f4xx_spi.o(i.SPI_Cmd) for SPI_Cmd
    headphone.o(i.WavePlayBack) refers to stm32f4xx_gpio.o(i.GPIO_ResetBits) for GPIO_ResetBits
    headphone.o(i.WavePlayBack) refers to stm32f4xx_spi.o(i.SPI_I2S_GetFlagStatus) for SPI_I2S_GetFlagStatus
    headphone.o(i.WavePlayBack) refers to stm32f4xx_spi.o(i.SPI_I2S_SendData) for SPI_I2S_SendData
    headphone.o(i.WavePlayBack) refers to stm32f4xx_spi.o(i.SPI_I2S_ReceiveData) for SPI_I2S_ReceiveData
    headphone.o(i.WavePlayBack) refers to stm32f4xx_usart.o(i.USART_SendData) for USART_SendData
    headphone.o(i.WavePlayBack) refers to stm32f4_discovery_audio_codec.o(i.Audio_MAL_Play) for Audio_MAL_Play
[...]
    Removing stm32f4xx_rcc.o(i.RCC_AHB3PeriphClockCmd), (24 bytes).
    Removing stm32f4xx_rcc.o(i.RCC_AHB3PeriphClockLPModeCmd), (24 bytes).
    Removing stm32f4xx_rcc.o(i.RCC_AHB3PeriphResetCmd), (24 bytes).
    Removing stm32f4xx_rcc.o(i.RCC_APB1PeriphClockLPModeCmd), (24 bytes).
    Removing stm32f4xx_rcc.o(i.RCC_APB2PeriphClockLPModeCmd), (24 bytes).
    Removing stm32f4xx_rcc.o(i.RCC_AdjustHSICalibrationValue), (20 bytes).
    Removing stm32f4xx_rcc.o(i.RCC_BackupResetCmd), (12 bytes).
    Removing stm32f4xx_rcc.o(i.RCC_ClearFlag), (16 bytes).
    Removing stm32f4xx_rcc.o(i.RCC_ClearITPendingBit), (12 bytes).
    Removing stm32f4xx_rcc.o(i.RCC_ClockSecuritySystemCmd), (12 bytes).
    Removing stm32f4xx_rcc.o(i.RCC_DeInit), (64 bytes).
    Removing stm32f4xx_rcc.o(i.RCC_GetFlagStatus), (56 bytes).
    Removing stm32f4xx_rcc.o(i.RCC_GetITStatus), (20 bytes).
    Removing stm32f4xx_rcc.o(i.RCC_GetSYSCLKSource), (16 bytes).
    Removing stm32f4xx_rcc.o(i.RCC_HCLKConfig), (20 bytes).
    Removing stm32f4xx_rcc.o(i.RCC_HSEConfig), (16 bytes).
    Removing stm32f4xx_rcc.o(i.RCC_HSICmd), (12 bytes).
    Removing stm32f4xx_rcc.o(i.RCC_I2SCLKConfig), (12 bytes).
    Removing stm32f4xx_rcc.o(i.RCC_ITConfig), (24 bytes).
    Removing stm32f4xx_rcc.o(i.RCC_LSEConfig), (28 bytes).
    Removing stm32f4xx_rcc.o(i.RCC_LSICmd), (12 bytes).
    Removing stm32f4xx_rcc.o(i.RCC_MCO1Config), (20 bytes).
    Removing stm32f4xx_rcc.o(i.RCC_MCO2Config), (20 bytes).
    Removing stm32f4xx_rcc.o(i.RCC_PCLK1Config), (20 bytes).
    Removing stm32f4xx_rcc.o(i.RCC_PCLK2Config), (20 bytes).
    Removing stm32f4xx_rcc.o(i.RCC_PLLCmd), (12 bytes).
    Removing stm32f4xx_rcc.o(i.RCC_PLLConfig), (40 bytes).
    Removing stm32f4xx_rcc.o(i.RCC_PLLI2SCmd), (12 bytes).
    Removing stm32f4xx_rcc.o(i.RCC_PLLI2SConfig), (16 bytes).
    Removing stm32f4xx_rcc.o(i.RCC_RTCCLKCmd), (12 bytes).
    Removing stm32f4xx_rcc.o(i.RCC_RTCCLKConfig), (52 bytes).
    Removing stm32f4xx_rcc.o(i.RCC_SYSCLKConfig), (20 bytes).
    Removing stm32f4xx_rcc.o(i.RCC_WaitForHSEStartUp), (56 bytes).
    Removing stm32f4xx_spi.o(.emb_text), (8 bytes).
    Removing stm32f4xx_spi.o(i.I2S_FullDuplexConfig), (64 bytes).
    Removing stm32f4xx_spi.o(i.I2S_StructInit), (18 bytes).
    Removing stm32f4xx_spi.o(i.SPI_BiDirectionalLineConfig), (20 bytes).
    Removing stm32f4xx_spi.o(i.SPI_CalculateCRC), (18 bytes).
    Removing stm32f4xx_spi.o(i.SPI_DataSizeConfig), (16 bytes).
    Removing stm32f4xx_spi.o(i.SPI_GetCRC), (10 bytes).
    Removing stm32f4xx_spi.o(i.SPI_GetCRCPolynomial), (4 bytes).
    Removing stm32f4xx_spi.o(i.SPI_I2S_ClearFlag), (6 bytes).
    Removing stm32f4xx_spi.o(i.SPI_I2S_ClearITPendingBit), (16 bytes).
    Removing stm32f4xx_spi.o(i.SPI_NSSInternalSoftwareConfig), (22 bytes).
    Removing stm32f4xx_spi.o(i.SPI_SSOutputCmd), (18 bytes).
    Removing stm32f4xx_spi.o(i.SPI_StructInit), (24 bytes).
    Removing stm32f4xx_spi.o(i.SPI_TIModeCmd), (18 bytes).
    Removing stm32f4xx_spi.o(i.SPI_TransmitCRC), (10 bytes).
    Removing stm32f4xx_exti.o(.emb_text), (8 bytes).
    Removing stm32f4xx_exti.o(i.EXTI_ClearFlag), (12 bytes).
    Removing stm32f4xx_exti.o(i.EXTI_DeInit), (40 bytes).
    Removing stm32f4xx_exti.o(i.EXTI_GenerateSWInterrupt), (16 bytes).
    Removing stm32f4xx_exti.o(i.EXTI_GetFlagStatus), (20 bytes).
    Removing stm32f4xx_exti.o(i.EXTI_StructInit), (14 bytes).
    Removing stm32f4xx_rng.o(.emb_text), (8 bytes).
    Removing stm32f4xx_rng.o(i.RNG_ClearFlag), (16 bytes).
    Removing stm32f4xx_rng.o(i.RNG_ClearITPendingBit), (16 bytes).
    Removing stm32f4xx_rng.o(i.RNG_Cmd), (24 bytes).
    Removing stm32f4xx_rng.o(i.RNG_DeInit), (22 bytes).
    Removing stm32f4xx_rng.o(i.RNG_GetFlagStatus), (20 bytes).
    Removing stm32f4xx_rng.o(i.RNG_GetITStatus), (20 bytes).
    Removing stm32f4xx_rng.o(i.RNG_GetRandomNumber), (12 bytes).
    Removing stm32f4xx_rng.o(i.RNG_ITConfig), (24 bytes).
    Removing stm32f4xx_usart.o(.emb_text), (8 bytes).
    Removing stm32f4xx_usart.o(i.USART_ClearFlag), (6 bytes).
    Removing stm32f4xx_usart.o(i.USART_ClearITPendingBit), (14 bytes).
    Removing stm32f4xx_usart.o(i.USART_ClockInit), (34 bytes).
    Removing stm32f4xx_usart.o(i.USART_ClockStructInit), (12 bytes).
    Removing stm32f4xx_usart.o(i.USART_DMACmd), (16 bytes).
    Removing stm32f4xx_usart.o(i.USART_DeInit), (192 bytes).
    Removing stm32f4xx_usart.o(i.USART_GetFlagStatus), (14 bytes).
    Removing stm32f4xx_usart.o(i.USART_HalfDuplexCmd), (18 bytes).
    Removing stm32f4xx_usart.o(i.USART_IrDACmd), (18 bytes).
    Removing stm32f4xx_usart.o(i.USART_IrDAConfig), (16 bytes).
    Removing stm32f4xx_usart.o(i.USART_LINBreakDetectLengthConfig), (16 bytes).
    Removing stm32f4xx_usart.o(i.USART_LINCmd), (18 bytes).
    Removing stm32f4xx_usart.o(i.USART_OneBitMethodCmd), (18 bytes).
    Removing stm32f4xx_usart.o(i.USART_OverSampling8Cmd), (18 bytes).
    Removing stm32f4xx_usart.o(i.USART_ReceiveData), (8 bytes).
    Removing stm32f4xx_usart.o(i.USART_ReceiverWakeUpCmd), (18 bytes).
    Removing stm32f4xx_usart.o(i.USART_SendBreak), (10 bytes).
    Removing stm32f4xx_usart.o(i.USART_SetAddress), (16 bytes).
    Removing stm32f4xx_usart.o(i.USART_SetGuardTime), (16 bytes).
    Removing stm32f4xx_usart.o(i.USART_SetPrescaler), (16 bytes).
    Removing stm32f4xx_usart.o(i.USART_SmartCardCmd), (18 bytes).
    Removing stm32f4xx_usart.o(i.USART_SmartCardNACKCmd), (18 bytes).
    Removing stm32f4xx_usart.o(i.USART_StructInit), (22 bytes).
    Removing stm32f4xx_usart.o(i.USART_WakeUpConfig), (16 bytes).
    Removing startup_stm32f4xx.o(HEAP), (512 bytes).
    Removing arm_fir_fast_q15.o(.emb_text), (8 bytes).
    Removing arm_fir_fast_q15.o(.text), (478 bytes).
    Removing arm_fir_init_q15.o(.emb_text), (8 bytes).
    Removing arm_fir_init_q15.o(.text), (46 bytes).
    Removing arm_copy_q15.o(.emb_text), (8 bytes).
    Removing arm_copy_q15.o(.text), (126 bytes).
    Removing dneg.o(.text), (6 bytes).
    Removing dfixul.o(.text), (48 bytes).

214 unused section(s) (total 9436 bytes) removed from the image.

==============================================================================

Image Symbol Table

    Local Symbols

    Symbol Name                              Value     Ov Type        Size  Object(Section)

    ../clib/../cmprslib/zerorunl2.c          0x00000000   Number         0  __dczerorl2.o ABSOLUTE
    ../clib/microlib/division.c              0x00000000   Number         0  uldiv.o ABSOLUTE
    ../clib/microlib/division.c              0x00000000   Number         0  uidiv.o ABSOLUTE
    ../clib/microlib/errno.c                 0x00000000   Number         0  errno.o ABSOLUTE
    ../clib/microlib/init/entry.s            0x00000000   Number         0  entry11a.o ABSOLUTE
    ../clib/microlib/init/entry.s            0x00000000   Number         0  entry8a.o ABSOLUTE
    ../clib/microlib/init/entry.s            0x00000000   Number         0  entry10b.o ABSOLUTE
    ../clib/microlib/init/entry.s            0x00000000   Number         0  entry7b.o ABSOLUTE
    ../clib/microlib/init/entry.s            0x00000000   Number         0  entry8b.o ABSOLUTE
    ../clib/microlib/init/entry.s            0x00000000   Number         0  entry10a.o ABSOLUTE
    ../clib/microlib/init/entry.s            0x00000000   Number         0  entry9b.o ABSOLUTE
    ../clib/microlib/init/entry.s            0x00000000   Number         0  entry7a.o ABSOLUTE
    ../clib/microlib/init/entry.s            0x00000000   Number         0  entry5.o ABSOLUTE
    ../clib/microlib/init/entry.s            0x00000000   Number         0  entry9a.o ABSOLUTE
    ../clib/microlib/init/entry.s            0x00000000   Number         0  entry11b.o ABSOLUTE
    ../clib/microlib/init/entry.s            0x00000000   Number         0  entry2.o ABSOLUTE
    ../clib/microlib/init/entry.s            0x00000000   Number         0  entry.o ABSOLUTE
    ../clib/microlib/longlong.c              0x00000000   Number         0  llsshr.o ABSOLUTE
    ../clib/microlib/longlong.c              0x00000000   Number         0  llushr.o ABSOLUTE
    ../clib/microlib/longlong.c              0x00000000   Number         0  llshl.o ABSOLUTE
    ../clib/microlib/printf/printf.c         0x00000000   Number         0  printf7.o ABSOLUTE
    ../clib/microlib/printf/printf.c         0x00000000   Number         0  printf6.o ABSOLUTE
    ../clib/microlib/printf/printf.c         0x00000000   Number         0  printf5.o ABSOLUTE
    ../clib/microlib/printf/printf.c         0x00000000   Number         0  printf4.o ABSOLUTE
    ../clib/microlib/printf/printf.c         0x00000000   Number         0  printf2.o ABSOLUTE
    ../clib/microlib/printf/printf.c         0x00000000   Number         0  printf3.o ABSOLUTE
    ../clib/microlib/printf/printf.c         0x00000000   Number         0  printfb.o ABSOLUTE
    ../clib/microlib/printf/printf.c         0x00000000   Number         0  printf1.o ABSOLUTE
    ../clib/microlib/printf/printf.c         0x00000000   Number         0  printf0.o ABSOLUTE
    ../clib/microlib/printf/printf.c         0x00000000   Number         0  printfa.o ABSOLUTE
    ../clib/microlib/printf/printf.c         0x00000000   Number         0  printf8.o ABSOLUTE
    ../clib/microlib/printf/stubs.s          0x00000000   Number         0  stubs.o ABSOLUTE
    ../clib/microlib/stdio/fputc.c           0x00000000   Number         0  fputc.o ABSOLUTE
    ../clib/microlib/stdio/semi.s            0x00000000   Number         0  semi.o ABSOLUTE
    ../clib/microlib/stdio/streams.c         0x00000000   Number         0  stdout.o ABSOLUTE
    ../clib/microlib/string/memset.c         0x00000000   Number         0  memseta.o ABSOLUTE
    ../clib/microlib/stubs.s                 0x00000000   Number         0  iusesemip.o ABSOLUTE
    ../clib/microlib/stubs.s                 0x00000000   Number         0  iusefp.o ABSOLUTE
    ../fplib/microlib/f2d.c                  0x00000000   Number         0  f2d.o ABSOLUTE
    ../fplib/microlib/fpadd.c                0x00000000   Number         0  dadd.o ABSOLUTE
    ../fplib/microlib/fpdiv.c                0x00000000   Number         0  ddiv.o ABSOLUTE
    ../fplib/microlib/fpepilogue.c           0x00000000   Number         0  depilogue.o ABSOLUTE
    ../fplib/microlib/fpfix.c                0x00000000   Number         0  dfixul.o ABSOLUTE
    ../fplib/microlib/fpfix.c                0x00000000   Number         0  dfixi.o ABSOLUTE
    ../fplib/microlib/fpfix.c                0x00000000   Number         0  dfixui.o ABSOLUTE
    ../fplib/microlib/fpflt.c                0x00000000   Number         0  dfltui.o ABSOLUTE
    ../fplib/microlib/fpflt.c                0x00000000   Number         0  dflti.o ABSOLUTE
    ../fplib/microlib/fpmul.c                0x00000000   Number         0  dmul.o ABSOLUTE
    ../fplib/microlib/fpneg.c                0x00000000   Number         0  dneg.o ABSOLUTE
    ../fplib/microlib/fpscalb.c              0x00000000   Number         0  fscalb.o ABSOLUTE
    ../mathlib/cos_i.c                       0x00000000   Number         0  cos_i.o ABSOLUTE
    ../mathlib/dunder.c                      0x00000000   Number         0  dunder.o ABSOLUTE
    ../mathlib/fabs.c                        0x00000000   Number         0  fabs.o ABSOLUTE
    ../mathlib/fpclassify.c                  0x00000000   Number         0  fpclassify.o ABSOLUTE
    ../mathlib/poly.c                        0x00000000   Number         0  poly.o ABSOLUTE
    ../mathlib/rred.c                        0x00000000   Number         0  rred.o ABSOLUTE
    ../mathlib/sin.c                         0x00000000   Number         0  sin.o ABSOLUTE
    ../mathlib/sin.c                         0x00000000   Number         0  sin_x.o ABSOLUTE
    ../mathlib/sin_i.c                       0x00000000   Number         0  sin_i_x.o ABSOLUTE
    ../mathlib/sin_i.c                       0x00000000   Number         0  sin_i.o ABSOLUTE
    ..\..\Libraries\CMSIS\ST\STM32F4xx\Source\Templates\arm\startup_stm32f4xx.s 0x00000000   Number         0  startup_stm32f4xx.o ABSOLUTE
    ..\..\Libraries\STM32F4xx_StdPeriph_Driver\src\misc.c 0x00000000   Number         0  misc.o ABSOLUTE
    ..\..\Libraries\STM32F4xx_StdPeriph_Driver\src\stm32f4xx_dac.c 0x00000000   Number         0  stm32f4xx_dac.o ABSOLUTE
    ..\..\Libraries\STM32F4xx_StdPeriph_Driver\src\stm32f4xx_dma.c 0x00000000   Number         0  stm32f4xx_dma.o ABSOLUTE
    ..\..\Libraries\STM32F4xx_StdPeriph_Driver\src\stm32f4xx_exti.c 0x00000000   Number         0  stm32f4xx_exti.o ABSOLUTE
    ..\..\Libraries\STM32F4xx_StdPeriph_Driver\src\stm32f4xx_gpio.c 0x00000000   Number         0  stm32f4xx_gpio.o ABSOLUTE
    ..\..\Libraries\STM32F4xx_StdPeriph_Driver\src\stm32f4xx_i2c.c 0x00000000   Number         0  stm32f4xx_i2c.o ABSOLUTE
    ..\..\Libraries\STM32F4xx_StdPeriph_Driver\src\stm32f4xx_rcc.c 0x00000000   Number         0  stm32f4xx_rcc.o ABSOLUTE
    ..\..\Libraries\STM32F4xx_StdPeriph_Driver\src\stm32f4xx_rng.c 0x00000000   Number         0  stm32f4xx_rng.o ABSOLUTE
    ..\..\Libraries\STM32F4xx_StdPeriph_Driver\src\stm32f4xx_spi.c 0x00000000   Number         0  stm32f4xx_spi.o ABSOLUTE
    ..\..\Libraries\STM32F4xx_StdPeriph_Driver\src\stm32f4xx_syscfg.c 0x00000000   Number         0  stm32f4xx_syscfg.o ABSOLUTE
    ..\..\Libraries\STM32F4xx_StdPeriph_Driver\src\stm32f4xx_usart.c 0x00000000   Number         0  stm32f4xx_usart.o ABSOLUTE
    ..\..\Utilities\STM32F4-Discovery\stm32f4_discovery.c 0x00000000   Number         0  stm32f4_discovery.o ABSOLUTE
    ..\..\Utilities\STM32F4-Discovery\stm32f4_discovery_audio_codec.c 0x00000000   Number         0  stm32f4_discovery_audio_codec.o ABSOLUTE
    ..\FilteringFunctions\arm_fir_fast_q15.c 0x00000000   Number         0  arm_fir_fast_q15.o ABSOLUTE
    ..\FilteringFunctions\arm_fir_init_q15.c 0x00000000   Number         0  arm_fir_init_q15.o ABSOLUTE
    ..\SupportFunctions\arm_copy_q15.c       0x00000000   Number         0  arm_copy_q15.o ABSOLUTE
    ..\\..\\Libraries\\STM32F4xx_StdPeriph_Driver\\src\\misc.c 0x00000000   Number         0  misc.o ABSOLUTE
    ..\\..\\Libraries\\STM32F4xx_StdPeriph_Driver\\src\\stm32f4xx_dac.c 0x00000000   Number         0  stm32f4xx_dac.o ABSOLUTE
    ..\\..\\Libraries\\STM32F4xx_StdPeriph_Driver\\src\\stm32f4xx_dma.c 0x00000000   Number         0  stm32f4xx_dma.o ABSOLUTE
    ..\\..\\Libraries\\STM32F4xx_StdPeriph_Driver\\src\\stm32f4xx_exti.c 0x00000000   Number         0  stm32f4xx_exti.o ABSOLUTE
    ..\\..\\Libraries\\STM32F4xx_StdPeriph_Driver\\src\\stm32f4xx_gpio.c 0x00000000   Number         0  stm32f4xx_gpio.o ABSOLUTE
    ..\\..\\Libraries\\STM32F4xx_StdPeriph_Driver\\src\\stm32f4xx_i2c.c 0x00000000   Number         0  stm32f4xx_i2c.o ABSOLUTE
    ..\\..\\Libraries\\STM32F4xx_StdPeriph_Driver\\src\\stm32f4xx_rcc.c 0x00000000   Number         0  stm32f4xx_rcc.o ABSOLUTE
    ..\\..\\Libraries\\STM32F4xx_StdPeriph_Driver\\src\\stm32f4xx_rng.c 0x00000000   Number         0  stm32f4xx_rng.o ABSOLUTE
    ..\\..\\Libraries\\STM32F4xx_StdPeriph_Driver\\src\\stm32f4xx_spi.c 0x00000000   Number         0  stm32f4xx_spi.o ABSOLUTE
    ..\\..\\Libraries\\STM32F4xx_StdPeriph_Driver\\src\\stm32f4xx_syscfg.c 0x00000000   Number         0  stm32f4xx_syscfg.o ABSOLUTE
    ..\\..\\Libraries\\STM32F4xx_StdPeriph_Driver\\src\\stm32f4xx_usart.c 0x00000000   Number         0  stm32f4xx_usart.o ABSOLUTE
    ..\\..\\Utilities\\STM32F4-Discovery\\stm32f4_discovery.c 0x00000000   Number         0  stm32f4_discovery.o ABSOLUTE
    ..\\..\\Utilities\\STM32F4-Discovery\\stm32f4_discovery_audio_codec.c 0x00000000   Number         0  stm32f4_discovery_audio_codec.o ABSOLUTE
    ..\\FilteringFunctions\\arm_fir_fast_q15.c 0x00000000   Number         0  arm_fir_fast_q15.o ABSOLUTE
    ..\\FilteringFunctions\\arm_fir_init_q15.c 0x00000000   Number         0  arm_fir_init_q15.o ABSOLUTE
    ..\\SupportFunctions\\arm_copy_q15.c     0x00000000   Number         0  arm_copy_q15.o ABSOLUTE
    ..\\src\\dsp.c                           0x00000000   Number         0  dsp.o ABSOLUTE
    ..\\src\\headphone.c                     0x00000000   Number         0  headphone.o ABSOLUTE
    ..\\src\\main.c                          0x00000000   Number         0  main.o ABSOLUTE
    ..\\src\\microphone.c                    0x00000000   Number         0  microphone.o ABSOLUTE
    ..\\src\\stm32f4xx_it.c                  0x00000000   Number         0  stm32f4xx_it.o ABSOLUTE
    ..\\src\\system_stm32f4xx.c              0x00000000   Number         0  system_stm32f4xx.o ABSOLUTE
    ..\src\dsp.c                             0x00000000   Number         0  dsp.o ABSOLUTE
    ..\src\headphone.c                       0x00000000   Number         0  headphone.o ABSOLUTE
    ..\src\main.c                            0x00000000   Number         0  main.o ABSOLUTE
    ..\src\microphone.c                      0x00000000   Number         0  microphone.o ABSOLUTE
    ..\src\pdm_filter.c                      0x00000000   Number         0  pdm_filter.o ABSOLUTE
    ..\src\stm32f4xx_it.c                    0x00000000   Number         0  stm32f4xx_it.o ABSOLUTE
    ..\src\system_stm32f4xx.c                0x00000000   Number         0  system_stm32f4xx.o ABSOLUTE
    cdrcmple.s                               0x00000000   Number         0  cdrcmple.o ABSOLUTE
    dc.s                                     0x00000000   Number         0  dc.o ABSOLUTE
    handlers.s                               0x00000000   Number         0  handlers.o ABSOLUTE
    init.s                                   0x00000000   Number         0  init.o ABSOLUTE
    RESET                                    0x08000000   Section      392  startup_stm32f4xx.o(RESET)
    .ARM.Collect$$$$00000000                 0x08000188   Section        0  entry.o(.ARM.Collect$$$$00000000)
    .ARM.Collect$$$$00000001                 0x08000188   Section        4  entry2.o(.ARM.Collect$$$$00000001)
    .ARM.Collect$$$$00000004                 0x0800018c   Section        4  entry5.o(.ARM.Collect$$$$00000004)
    .ARM.Collect$$$$00000008                 0x08000190   Section        0  entry7b.o(.ARM.Collect$$$$00000008)
    .ARM.Collect$$$$0000000A                 0x08000190   Section        0  entry8b.o(.ARM.Collect$$$$0000000A)
    .ARM.Collect$$$$0000000B                 0x08000190   Section        8  entry9a.o(.ARM.Collect$$$$0000000B)
    .ARM.Collect$$$$0000000D                 0x08000198   Section        0  entry10a.o(.ARM.Collect$$$$0000000D)
    .ARM.Collect$$$$0000000F                 0x08000198   Section        0  entry11a.o(.ARM.Collect$$$$0000000F)
    .ARM.Collect$$$$00002712                 0x08000198   Section        4  entry2.o(.ARM.Collect$$$$00002712)
    __lit__00000000                          0x08000198   Data           4  entry2.o(.ARM.Collect$$$$00002712)
    .text                                    0x0800019c   Section       36  startup_stm32f4xx.o(.text)
    $v0                                      0x0800019c   Number         0  startup_stm32f4xx.o(.text)
    .text                                    0x080001c0   Section        0  pdm_filter.o(.text)
    .text                                    0x08000dbc   Section        0  fscalb.o(.text)
    .text                                    0x08000dd4   Section        0  dadd.o(.text)
    .text                                    0x08000f22   Section        0  dmul.o(.text)
    .text                                    0x08001006   Section        0  ddiv.o(.text)
    .text                                    0x080010e4   Section        0  dflti.o(.text)
    .text                                    0x08001106   Section        0  dfltui.o(.text)
    .text                                    0x08001120   Section        0  dfixi.o(.text)
    .text                                    0x0800115e   Section        0  dfixui.o(.text)
    .text                                    0x08001190   Section        0  f2d.o(.text)
    .text                                    0x080011b8   Section       48  cdrcmple.o(.text)
    .text                                    0x080011e8   Section        0  uidiv.o(.text)
    .text                                    0x08001214   Section        0  llshl.o(.text)
    .text                                    0x08001232   Section        0  llushr.o(.text)
    .text                                    0x08001252   Section        0  llsshr.o(.text)
    .text                                    0x08001276   Section        0  depilogue.o(.text)
    .text                                    0x08001276   Section        0  iusefp.o(.text)
    .text                                    0x08001330   Section       36  init.o(.text)
    .text                                    0x08001354   Section        0  __dczerorl2.o(.text)
    i.Audio_MAL_IRQHandler                   0x080013ac   Section        0  stm32f4_discovery_audio_codec.o(i.Audio_MAL_IRQHandler)
    Audio_MAL_IRQHandler                     0x080013ad   Thumb Code   156  stm32f4_discovery_audio_codec.o(i.Audio_MAL_IRQHandler)
    i.Audio_MAL_Play                         0x08001450   Section        0  stm32f4_discovery_audio_codec.o(i.Audio_MAL_Play)
    i.BusFault_Handler                       0x080014b8   Section        0  stm32f4xx_it.o(i.BusFault_Handler)
    i.Codec_WriteRegister                    0x080014bc   Section        0  stm32f4_discovery_audio_codec.o(i.Codec_WriteRegister)
    Codec_WriteRegister                      0x080014bd   Thumb Code   632  stm32f4_discovery_audio_codec.o(i.Codec_WriteRegister)
    i.DAC_Cmd                                0x0800175c   Section        0  stm32f4xx_dac.o(i.DAC_Cmd)
    i.DAC_Init                               0x08001778   Section        0  stm32f4xx_dac.o(i.DAC_Init)
    i.DAC_SetChannel1Data                    0x080017ac   Section        0  stm32f4xx_dac.o(i.DAC_SetChannel1Data)
    i.DMA1_Stream0_IRQHandler                0x080017c2   Section        0  stm32f4_discovery_audio_codec.o(i.DMA1_Stream0_IRQHandler)
    i.DMA1_Stream7_IRQHandler                0x080017c6   Section        0  stm32f4_discovery_audio_codec.o(i.DMA1_Stream7_IRQHandler)
    i.DMA_ClearFlag                          0x080017cc   Section        0  stm32f4xx_dma.o(i.DMA_ClearFlag)
    i.DMA_Cmd                                0x080017f8   Section        0  stm32f4xx_dma.o(i.DMA_Cmd)
    i.DMA_DeInit                             0x0800180c   Section        0  stm32f4xx_dma.o(i.DMA_DeInit)
    i.DMA_GetCmdStatus                       0x08001990   Section        0  stm32f4xx_dma.o(i.DMA_GetCmdStatus)
    i.DMA_GetFlagStatus                      0x080019a0   Section        0  stm32f4xx_dma.o(i.DMA_GetFlagStatus)
    i.DMA_ITConfig                           0x080019d4   Section        0  stm32f4xx_dma.o(i.DMA_ITConfig)
    i.DMA_Init                               0x08001a14   Section        0  stm32f4xx_dma.o(i.DMA_Init)
    i.DebugMon_Handler                       0x08001a8c   Section        0  stm32f4xx_it.o(i.DebugMon_Handler)
    i.EVAL_AUDIO_GetSampleCallBack           0x08001a8e   Section        0  headphone.o(i.EVAL_AUDIO_GetSampleCallBack)
    i.EVAL_AUDIO_Init                        0x08001a94   Section        0  stm32f4_discovery_audio_codec.o(i.EVAL_AUDIO_Init)
    i.EVAL_AUDIO_SetAudioInterface           0x08001e80   Section        0  stm32f4_discovery_audio_codec.o(i.EVAL_AUDIO_SetAudioInterface)
    i.EVAL_AUDIO_TransferComplete_CallBack   0x08001f18   Section        0  headphone.o(i.EVAL_AUDIO_TransferComplete_CallBack)
    i.EXTI0_IRQHandler                       0x08001f48   Section        0  stm32f4xx_it.o(i.EXTI0_IRQHandler)
    i.EXTI1_IRQHandler                       0x08001f94   Section        0  stm32f4xx_it.o(i.EXTI1_IRQHandler)
    i.EXTI_ClearITPendingBit                 0x08001fb4   Section        0  stm32f4xx_exti.o(i.EXTI_ClearITPendingBit)
    i.EXTI_GetITStatus                       0x08001fc0   Section        0  stm32f4xx_exti.o(i.EXTI_GetITStatus)
    i.EXTI_Init                              0x08001fe0   Section        0  stm32f4xx_exti.o(i.EXTI_Init)
    i.GPIO_Init                              0x08002070   Section        0  stm32f4xx_gpio.o(i.GPIO_Init)
    i.GPIO_PinAFConfig                       0x08002100   Section        0  stm32f4xx_gpio.o(i.GPIO_PinAFConfig)
    i.GPIO_ResetBits                         0x08002122   Section        0  stm32f4xx_gpio.o(i.GPIO_ResetBits)
    i.GPIO_SetBits                           0x08002126   Section        0  stm32f4xx_gpio.o(i.GPIO_SetBits)
    i.GPIO_WriteBit                          0x0800212a   Section        0  stm32f4xx_gpio.o(i.GPIO_WriteBit)
    i.HardFault_Handler                      0x08002134   Section        0  stm32f4xx_it.o(i.HardFault_Handler)
    i.I2C_AcknowledgeConfig                  0x08002136   Section        0  stm32f4xx_i2c.o(i.I2C_AcknowledgeConfig)
    i.I2C_CheckEvent                         0x08002148   Section        0  stm32f4xx_i2c.o(i.I2C_CheckEvent)
    i.I2C_ClearFlag                          0x08002162   Section        0  stm32f4xx_i2c.o(i.I2C_ClearFlag)
    i.I2C_Cmd                                0x08002168   Section        0  stm32f4xx_i2c.o(i.I2C_Cmd)
    i.I2C_DeInit                             0x0800217a   Section        0  stm32f4xx_i2c.o(i.I2C_DeInit)
    i.I2C_GenerateSTART                      0x080021de   Section        0  stm32f4xx_i2c.o(i.I2C_GenerateSTART)
    i.I2C_GenerateSTOP                       0x080021f0   Section        0  stm32f4xx_i2c.o(i.I2C_GenerateSTOP)
    i.I2C_GetFlagStatus                      0x08002202   Section        0  stm32f4xx_i2c.o(i.I2C_GetFlagStatus)
    i.I2C_Init                               0x0800222c   Section        0  stm32f4xx_i2c.o(i.I2C_Init)
    i.I2C_ReceiveData                        0x080022f0   Section        0  stm32f4xx_i2c.o(i.I2C_ReceiveData)
    i.I2C_Send7bitAddress                    0x080022f6   Section        0  stm32f4xx_i2c.o(i.I2C_Send7bitAddress)
    i.I2C_SendData                           0x08002306   Section        0  stm32f4xx_i2c.o(i.I2C_SendData)
    i.I2S_Cmd                                0x0800230a   Section        0  stm32f4xx_spi.o(i.I2S_Cmd)
    i.I2S_Init                               0x0800231c   Section        0  stm32f4xx_spi.o(i.I2S_Init)
    i.MemManage_Handler                      0x08002410   Section        0  stm32f4xx_it.o(i.MemManage_Handler)
    i.NMI_Handler                            0x08002412   Section        0  stm32f4xx_it.o(i.NMI_Handler)
    i.NVIC_Init                              0x08002414   Section        0  misc.o(i.NVIC_Init)
    i.NVIC_PriorityGroupConfig               0x08002484   Section        0  misc.o(i.NVIC_PriorityGroupConfig)
    i.PendSV_Handler                         0x08002498   Section        0  stm32f4xx_it.o(i.PendSV_Handler)
    i.RCC_AHB1PeriphClockCmd                 0x0800249c   Section        0  stm32f4xx_rcc.o(i.RCC_AHB1PeriphClockCmd)
    i.RCC_APB1PeriphClockCmd                 0x080024b4   Section        0  stm32f4xx_rcc.o(i.RCC_APB1PeriphClockCmd)
    i.RCC_APB1PeriphResetCmd                 0x080024cc   Section        0  stm32f4xx_rcc.o(i.RCC_APB1PeriphResetCmd)
    i.RCC_APB2PeriphClockCmd                 0x080024e4   Section        0  stm32f4xx_rcc.o(i.RCC_APB2PeriphClockCmd)
    i.RCC_APB2PeriphResetCmd                 0x080024fc   Section        0  stm32f4xx_rcc.o(i.RCC_APB2PeriphResetCmd)
    i.RCC_GetClocksFreq                      0x08002514   Section        0  stm32f4xx_rcc.o(i.RCC_GetClocksFreq)
    i.SPI2_IRQHandler                        0x080025bc   Section        0  microphone.o(i.SPI2_IRQHandler)
    i.SPI3_IRQHandler                        0x08002618   Section        0  stm32f4_discovery_audio_codec.o(i.SPI3_IRQHandler)
    i.SPI_Cmd                                0x08002658   Section        0  stm32f4xx_spi.o(i.SPI_Cmd)
    i.SPI_I2S_DMACmd                         0x0800266a   Section        0  stm32f4xx_spi.o(i.SPI_I2S_DMACmd)
    i.SPI_I2S_DeInit                         0x0800267a   Section        0  stm32f4xx_spi.o(i.SPI_I2S_DeInit)
    i.SPI_I2S_GetFlagStatus                  0x080026de   Section        0  stm32f4xx_spi.o(i.SPI_I2S_GetFlagStatus)
    i.SPI_I2S_GetITStatus                    0x080026ec   Section        0  stm32f4xx_spi.o(i.SPI_I2S_GetITStatus)
    i.SPI_I2S_ITConfig                       0x0800271a   Section        0  stm32f4xx_spi.o(i.SPI_I2S_ITConfig)
    i.SPI_I2S_ReceiveData                    0x08002734   Section        0  stm32f4xx_spi.o(i.SPI_I2S_ReceiveData)
    i.SPI_I2S_SendData                       0x08002738   Section        0  stm32f4xx_spi.o(i.SPI_I2S_SendData)
    i.SPI_Init                               0x0800273c   Section        0  stm32f4xx_spi.o(i.SPI_Init)
    i.STM_EVAL_LEDInit                       0x08002790   Section        0  stm32f4_discovery.o(i.STM_EVAL_LEDInit)
    i.STM_EVAL_LEDOff                        0x080027dc   Section        0  stm32f4_discovery.o(i.STM_EVAL_LEDOff)
    i.STM_EVAL_LEDOn                         0x080027f4   Section        0  stm32f4_discovery.o(i.STM_EVAL_LEDOn)
    i.STM_EVAL_LEDToggle                     0x0800280c   Section        0  stm32f4_discovery.o(i.STM_EVAL_LEDToggle)
    i.STM_EVAL_PBInit                        0x08002828   Section        0  stm32f4_discovery.o(i.STM_EVAL_PBInit)
    i.SVC_Handler                            0x080028cc   Section        0  stm32f4xx_it.o(i.SVC_Handler)
    i.SYSCFG_EXTILineConfig                  0x080028ce   Section        0  stm32f4xx_syscfg.o(i.SYSCFG_EXTILineConfig)
    i.SysTick_Handler                        0x080028fc   Section        0  stm32f4xx_it.o(i.SysTick_Handler)
    i.SystemInit                             0x080029dc   Section        0  system_stm32f4xx.o(i.SystemInit)
    i.USART2_IRQHandler                      0x08002b08   Section        0  headphone.o(i.USART2_IRQHandler)
    i.USART_Cmd                              0x08002d70   Section        0  stm32f4xx_usart.o(i.USART_Cmd)
    i.USART_GetITStatus                      0x08002d82   Section        0  stm32f4xx_usart.o(i.USART_GetITStatus)
    i.USART_ITConfig                         0x08002dce   Section        0  stm32f4xx_usart.o(i.USART_ITConfig)
    i.USART_Init                             0x08002e00   Section        0  stm32f4xx_usart.o(i.USART_Init)
    i.USART_SendData                         0x08002eb8   Section        0  stm32f4xx_usart.o(i.USART_SendData)
    i.UsageFault_Handler                     0x08002ec0   Section        0  stm32f4xx_it.o(i.UsageFault_Handler)
    i.WavePlayBack                           0x08002ec8   Section        0  headphone.o(i.WavePlayBack)
    i.WaveRecorderBeginSampling              0x08003450   Section        0  microphone.o(i.WaveRecorderBeginSampling)
    i.WaveRecorderCallback                   0x08003494   Section        0  headphone.o(i.WaveRecorderCallback)
    i.WaveRecorderInit                       0x080034cc   Section        0  microphone.o(i.WaveRecorderInit)
    i.__0sprintf$6                           0x08003600   Section        0  printf6.o(i.__0sprintf$6)
    i.__ARM_fpclassify                       0x08003628   Section        0  fpclassify.o(i.__ARM_fpclassify)
    i.__hardfp_sin                           0x08003658   Section        0  sin.o(i.__hardfp_sin)
    i.__ieee754_rem_pio2                     0x08003720   Section        0  rred.o(i.__ieee754_rem_pio2)
    i.__kernel_cos                           0x08003b58   Section        0  cos_i.o(i.__kernel_cos)
    i.__kernel_poly                          0x08003cc8   Section        0  poly.o(i.__kernel_poly)
    i.__kernel_sin                           0x08003dc0   Section        0  sin_i.o(i.__kernel_sin)
    i.__mathlib_dbl_infnan                   0x08003ef0   Section        0  dunder.o(i.__mathlib_dbl_infnan)
    i.__mathlib_dbl_invalid                  0x08003f08   Section        0  dunder.o(i.__mathlib_dbl_invalid)
    i.__mathlib_dbl_underflow                0x08003f28   Section        0  dunder.o(i.__mathlib_dbl_underflow)
    i.__scatterload_copy                     0x08003f48   Section       14  handlers.o(i.__scatterload_copy)
    i.__scatterload_null                     0x08003f56   Section        2  handlers.o(i.__scatterload_null)
    i.__scatterload_zeroinit                 0x08003f58   Section       14  handlers.o(i.__scatterload_zeroinit)
    i.__set_errno                            0x08003f68   Section        0  errno.o(i.__set_errno)
    i._printf_core                           0x08003f74   Section        0  printf6.o(i._printf_core)
    _printf_core                             0x08003f75   Thumb Code   748  printf6.o(i._printf_core)
    i._printf_post_padding                   0x08004264   Section        0  printf6.o(i._printf_post_padding)
    _printf_post_padding                     0x08004265   Thumb Code    36  printf6.o(i._printf_post_padding)
    i._printf_pre_padding                    0x08004288   Section        0  printf6.o(i._printf_pre_padding)
    _printf_pre_padding                      0x08004289   Thumb Code    46  printf6.o(i._printf_pre_padding)
    i._sputc                                 0x080042b6   Section        0  printf6.o(i._sputc)
    _sputc                                   0x080042b7   Thumb Code    10  printf6.o(i._sputc)
    i.changePitch                            0x080042c0   Section        0  headphone.o(i.changePitch)
    i.checkXY                                0x08004418   Section        0  headphone.o(i.checkXY)
    i.fabs                                   0x080046b8   Section        0  fabs.o(i.fabs)
    i.main                                   0x080046d0   Section        0  main.o(i.main)
    .constdata                               0x08004738   Section       36  stm32f4_discovery.o(.constdata)
    .constdata                               0x08004760   Section       48  cos_i.o(.constdata)
    C                                        0x08004760   Data          48  cos_i.o(.constdata)
    .constdata                               0x08004790   Section      200  rred.o(.constdata)
    pio2s                                    0x08004790   Data          48  rred.o(.constdata)
    twooverpi                                0x080047c0   Data         152  rred.o(.constdata)
    .constdata                               0x08004858   Section       40  sin_i.o(.constdata)
    S                                        0x08004858   Data          40  sin_i.o(.constdata)
    .data                                    0x20000000   Section        4  main.o(.data)
    .data                                    0x20000004   Section       12  stm32f4xx_it.o(.data)
    last_button_time                         0x20000008   Data           4  stm32f4xx_it.o(.data)
    .data                                    0x20000010   Section      112  headphone.o(.data)
    volume                                   0x20000010   Data           1  headphone.o(.data)
    next_buff                                0x20000011   Data           1  headphone.o(.data)
    .data                                    0x20000080   Section       24  microphone.o(.data)
    AudioRecInited                           0x20000080   Data           4  microphone.o(.data)
    InternalBufferSize                       0x20000090   Data           4  microphone.o(.data)
    .data                                    0x20000098   Section       20  stm32f4_discovery.o(.data)
    .data                                    0x200000ac   Section       64  stm32f4_discovery_audio_codec.o(.data)
    .data                                    0x200000ec   Section       16  stm32f4xx_rcc.o(.data)
    APBAHBPrescTable                         0x200000ec   Data          16  stm32f4xx_rcc.o(.data)
    .data                                    0x200000fc   Section      772  pdm_filter.o(.data)
    .data                                    0x20000400   Section        4  errno.o(.data)
    _errno                                   0x20000400   Data           4  errno.o(.data)
    .bss                                     0x20000404   Section       16  main.o(.bss)
    .bss                                     0x20000414   Section     4096  headphone.o(.bss)
    buff0                                    0x20000414   Data        2048  headphone.o(.bss)
    buff1                                    0x20000c14   Data        2048  headphone.o(.bss)
    .bss                                     0x20001414   Section      212  microphone.o(.bss)
    InternalBuffer                           0x20001468   Data         128  microphone.o(.bss)
    .bss                                     0x200014e8   Section       60  stm32f4_discovery_audio_codec.o(.bss)
    STACK                                    0x20001528   Section     1024  startup_stm32f4xx.o(STACK)

    Global Symbols

    Symbol Name                              Value     Ov Type        Size  Object(Section)

    BuildAttributes$$THM_ISAv4$E$P$D$K$B$S$7EM$VFPi3$EXTD16$VFPS$VFMA$PE$A:L22UL41UL21$X:L11$S22US41US21$IEEE1$IW$USESV6$~STKCKD$USESV7$~SHL$OTIME$ROPI$IEEEX$EBA8$MICROLIB$REQ8$PRES8$EABIv2 0x00000000   Number         0  anon$$obj.o ABSOLUTE
    __ARM_use_no_argv                        0x00000000   Number         0  main.o ABSOLUTE
    _printf_a                                0x00000000   Number         0  stubs.o ABSOLUTE
    _printf_c                                0x00000000   Number         0  stubs.o ABSOLUTE
    _printf_charcount                        0x00000000   Number         0  stubs.o ABSOLUTE
    _printf_d                                0x00000000   Number         0  stubs.o ABSOLUTE
    _printf_e                                0x00000000   Number         0  stubs.o ABSOLUTE
    _printf_f                                0x00000000   Number         0  stubs.o ABSOLUTE
    _printf_flags                            0x00000000   Number         0  stubs.o ABSOLUTE
    _printf_fp_dec                           0x00000000   Number         0  stubs.o ABSOLUTE
    _printf_fp_hex                           0x00000000   Number         0  stubs.o ABSOLUTE
    _printf_g                                0x00000000   Number         0  stubs.o ABSOLUTE
    _printf_i                                0x00000000   Number         0  stubs.o ABSOLUTE
    _printf_int_dec                          0x00000000   Number         0  stubs.o ABSOLUTE
    _printf_l                                0x00000000   Number         0  stubs.o ABSOLUTE
    _printf_lc                               0x00000000   Number         0  stubs.o ABSOLUTE
    _printf_ll                               0x00000000   Number         0  stubs.o ABSOLUTE
    _printf_lld                              0x00000000   Number         0  stubs.o ABSOLUTE
    _printf_lli                              0x00000000   Number         0  stubs.o ABSOLUTE
    _printf_llo                              0x00000000   Number         0  stubs.o ABSOLUTE
    _printf_llu                              0x00000000   Number         0  stubs.o ABSOLUTE
    _printf_llx                              0x00000000   Number         0  stubs.o ABSOLUTE
    _printf_longlong_dec                     0x00000000   Number         0  stubs.o ABSOLUTE
    _printf_longlong_hex                     0x00000000   Number         0  stubs.o ABSOLUTE
    _printf_longlong_oct                     0x00000000   Number         0  stubs.o ABSOLUTE
    _printf_ls                               0x00000000   Number         0  stubs.o ABSOLUTE
    _printf_mbtowc                           0x00000000   Number         0  stubs.o ABSOLUTE
    _printf_n                                0x00000000   Number         0  stubs.o ABSOLUTE
    _printf_o                                0x00000000   Number         0  stubs.o ABSOLUTE
    _printf_p                                0x00000000   Number         0  stubs.o ABSOLUTE
    _printf_percent                          0x00000000   Number         0  stubs.o ABSOLUTE
    _printf_pre_padding                      0x00000000   Number         0  stubs.o ABSOLUTE
    _printf_return_value                     0x00000000   Number         0  stubs.o ABSOLUTE
    _printf_s                                0x00000000   Number         0  stubs.o ABSOLUTE
    _printf_sizespec                         0x00000000   Number         0  stubs.o ABSOLUTE
    _printf_str                              0x00000000   Number         0  stubs.o ABSOLUTE
    _printf_truncate_signed                  0x00000000   Number         0  stubs.o ABSOLUTE
    _printf_truncate_unsigned                0x00000000   Number         0  stubs.o ABSOLUTE
    _printf_u                                0x00000000   Number         0  stubs.o ABSOLUTE
    _printf_wc                               0x00000000   Number         0  stubs.o ABSOLUTE
    _printf_wctomb                           0x00000000   Number         0  stubs.o ABSOLUTE
    _printf_widthprec                        0x00000000   Number         0  stubs.o ABSOLUTE
    _printf_x                                0x00000000   Number         0  stubs.o ABSOLUTE
    __cpp_initialize__aeabi_                  - Undefined Weak Reference
    __cxa_finalize                            - Undefined Weak Reference
    _clock_init                               - Undefined Weak Reference
    _microlib_exit                            - Undefined Weak Reference
    __Vectors_Size                           0x00000188   Number         0  startup_stm32f4xx.o ABSOLUTE
    __Vectors                                0x08000000   Data           4  startup_stm32f4xx.o(RESET)
    __Vectors_End                            0x08000188   Data           0  startup_stm32f4xx.o(RESET)
    __main                                   0x08000189   Thumb Code     0  entry.o(.ARM.Collect$$$$00000000)
    _main_stk                                0x08000189   Thumb Code     0  entry2.o(.ARM.Collect$$$$00000001)
    _main_scatterload                        0x0800018d   Thumb Code     0  entry5.o(.ARM.Collect$$$$00000004)
    __main_after_scatterload                 0x08000191   Thumb Code     0  entry5.o(.ARM.Collect$$$$00000004)
    _main_clock                              0x08000191   Thumb Code     0  entry7b.o(.ARM.Collect$$$$00000008)
    _main_cpp_init                           0x08000191   Thumb Code     0  entry8b.o(.ARM.Collect$$$$0000000A)
    _main_init                               0x08000191   Thumb Code     0  entry9a.o(.ARM.Collect$$$$0000000B)
    __rt_final_cpp                           0x08000199   Thumb Code     0  entry10a.o(.ARM.Collect$$$$0000000D)
    __rt_final_exit                          0x08000199   Thumb Code     0  entry11a.o(.ARM.Collect$$$$0000000F)
    Reset_Handler                            0x0800019d   Thumb Code     8  startup_stm32f4xx.o(.text)
    ADC_IRQHandler                           0x080001b7   Thumb Code     0  startup_stm32f4xx.o(.text)
    CAN1_RX0_IRQHandler                      0x080001b7   Thumb Code     0  startup_stm32f4xx.o(.text)
    CAN1_RX1_IRQHandler                      0x080001b7   Thumb Code     0  startup_stm32f4xx.o(.text)
    CAN1_SCE_IRQHandler                      0x080001b7   Thumb Code     0  startup_stm32f4xx.o(.text)
    CAN1_TX_IRQHandler                       0x080001b7   Thumb Code     0  startup_stm32f4xx.o(.text)
    CAN2_RX0_IRQHandler                      0x080001b7   Thumb Code     0  startup_stm32f4xx.o(.text)
    CAN2_RX1_IRQHandler                      0x080001b7   Thumb Code     0  startup_stm32f4xx.o(.text)
    CAN2_SCE_IRQHandler                      0x080001b7   Thumb Code     0  startup_stm32f4xx.o(.text)
    CAN2_TX_IRQHandler                       0x080001b7   Thumb Code     0  startup_stm32f4xx.o(.text)
    CRYP_IRQHandler                          0x080001b7   Thumb Code     0  startup_stm32f4xx.o(.text)
    DCMI_IRQHandler                          0x080001b7   Thumb Code     0  startup_stm32f4xx.o(.text)
    DMA1_Stream1_IRQHandler                  0x080001b7   Thumb Code     0  startup_stm32f4xx.o(.text)
    DMA1_Stream2_IRQHandler                  0x080001b7   Thumb Code     0  startup_stm32f4xx.o(.text)
    DMA1_Stream3_IRQHandler                  0x080001b7   Thumb Code     0  startup_stm32f4xx.o(.text)
    DMA1_Stream4_IRQHandler                  0x080001b7   Thumb Code     0  startup_stm32f4xx.o(.text)
    DMA1_Stream5_IRQHandler                  0x080001b7   Thumb Code     0  startup_stm32f4xx.o(.text)
    DMA1_Stream6_IRQHandler                  0x080001b7   Thumb Code     0  startup_stm32f4xx.o(.text)
    DMA2_Stream0_IRQHandler                  0x080001b7   Thumb Code     0  startup_stm32f4xx.o(.text)
    DMA2_Stream1_IRQHandler                  0x080001b7   Thumb Code     0  startup_stm32f4xx.o(.text)
    DMA2_Stream2_IRQHandler                  0x080001b7   Thumb Code     0  startup_stm32f4xx.o(.text)
    DMA2_Stream3_IRQHandler                  0x080001b7   Thumb Code     0  startup_stm32f4xx.o(.text)
    DMA2_Stream4_IRQHandler                  0x080001b7   Thumb Code     0  startup_stm32f4xx.o(.text)
    DMA2_Stream5_IRQHandler                  0x080001b7   Thumb Code     0  startup_stm32f4xx.o(.text)
    DMA2_Stream6_IRQHandler                  0x080001b7   Thumb Code     0  startup_stm32f4xx.o(.text)
    DMA2_Stream7_IRQHandler                  0x080001b7   Thumb Code     0  startup_stm32f4xx.o(.text)
    ETH_IRQHandler                           0x080001b7   Thumb Code     0  startup_stm32f4xx.o(.text)
    ETH_WKUP_IRQHandler                      0x080001b7   Thumb Code     0  startup_stm32f4xx.o(.text)
    EXTI15_10_IRQHandler                     0x080001b7   Thumb Code     0  startup_stm32f4xx.o(.text)
    EXTI2_IRQHandler                         0x080001b7   Thumb Code     0  startup_stm32f4xx.o(.text)
    EXTI3_IRQHandler                         0x080001b7   Thumb Code     0  startup_stm32f4xx.o(.text)
    EXTI4_IRQHandler                         0x080001b7   Thumb Code     0  startup_stm32f4xx.o(.text)
    EXTI9_5_IRQHandler                       0x080001b7   Thumb Code     0  startup_stm32f4xx.o(.text)
    FLASH_IRQHandler                         0x080001b7   Thumb Code     0  startup_stm32f4xx.o(.text)
    FPU_IRQHandler                           0x080001b7   Thumb Code     0  startup_stm32f4xx.o(.text)
    FSMC_IRQHandler                          0x080001b7   Thumb Code     0  startup_stm32f4xx.o(.text)
    HASH_RNG_IRQHandler                      0x080001b7   Thumb Code     0  startup_stm32f4xx.o(.text)
    I2C1_ER_IRQHandler                       0x080001b7   Thumb Code     0  startup_stm32f4xx.o(.text)
    I2C1_EV_IRQHandler                       0x080001b7   Thumb Code     0  startup_stm32f4xx.o(.text)
    I2C2_ER_IRQHandler                       0x080001b7   Thumb Code     0  startup_stm32f4xx.o(.text)
    I2C2_EV_IRQHandler                       0x080001b7   Thumb Code     0  startup_stm32f4xx.o(.text)
    I2C3_ER_IRQHandler                       0x080001b7   Thumb Code     0  startup_stm32f4xx.o(.text)
    I2C3_EV_IRQHandler                       0x080001b7   Thumb Code     0  startup_stm32f4xx.o(.text)
    OTG_FS_IRQHandler                        0x080001b7   Thumb Code     0  startup_stm32f4xx.o(.text)
    OTG_FS_WKUP_IRQHandler                   0x080001b7   Thumb Code     0  startup_stm32f4xx.o(.text)
    OTG_HS_EP1_IN_IRQHandler                 0x080001b7   Thumb Code     0  startup_stm32f4xx.o(.text)
    OTG_HS_EP1_OUT_IRQHandler                0x080001b7   Thumb Code     0  startup_stm32f4xx.o(.text)
    OTG_HS_IRQHandler                        0x080001b7   Thumb Code     0  startup_stm32f4xx.o(.text)
    OTG_HS_WKUP_IRQHandler                   0x080001b7   Thumb Code     0  startup_stm32f4xx.o(.text)
    PVD_IRQHandler                           0x080001b7   Thumb Code     0  startup_stm32f4xx.o(.text)
    RCC_IRQHandler                           0x080001b7   Thumb Code     0  startup_stm32f4xx.o(.text)
    RTC_Alarm_IRQHandler                     0x080001b7   Thumb Code     0  startup_stm32f4xx.o(.text)
    RTC_WKUP_IRQHandler                      0x080001b7   Thumb Code     0  startup_stm32f4xx.o(.text)
    SDIO_IRQHandler                          0x080001b7   Thumb Code     0  startup_stm32f4xx.o(.text)
    SPI1_IRQHandler                          0x080001b7   Thumb Code     0  startup_stm32f4xx.o(.text)
    TAMP_STAMP_IRQHandler                    0x080001b7   Thumb Code     0  startup_stm32f4xx.o(.text)
    TIM1_BRK_TIM9_IRQHandler                 0x080001b7   Thumb Code     0  startup_stm32f4xx.o(.text)
    TIM1_CC_IRQHandler                       0x080001b7   Thumb Code     0  startup_stm32f4xx.o(.text)
    TIM1_TRG_COM_TIM11_IRQHandler            0x080001b7   Thumb Code     0  startup_stm32f4xx.o(.text)
    TIM1_UP_TIM10_IRQHandler                 0x080001b7   Thumb Code     0  startup_stm32f4xx.o(.text)
    TIM2_IRQHandler                          0x080001b7   Thumb Code     0  startup_stm32f4xx.o(.text)
    TIM3_IRQHandler                          0x080001b7   Thumb Code     0  startup_stm32f4xx.o(.text)
    TIM4_IRQHandler                          0x080001b7   Thumb Code     0  startup_stm32f4xx.o(.text)
    TIM5_IRQHandler                          0x080001b7   Thumb Code     0  startup_stm32f4xx.o(.text)
    TIM6_DAC_IRQHandler                      0x080001b7   Thumb Code     0  startup_stm32f4xx.o(.text)
    TIM7_IRQHandler                          0x080001b7   Thumb Code     0  startup_stm32f4xx.o(.text)
    TIM8_BRK_TIM12_IRQHandler                0x080001b7   Thumb Code     0  startup_stm32f4xx.o(.text)
    TIM8_CC_IRQHandler                       0x080001b7   Thumb Code     0  startup_stm32f4xx.o(.text)
    TIM8_TRG_COM_TIM14_IRQHandler            0x080001b7   Thumb Code     0  startup_stm32f4xx.o(.text)
    TIM8_UP_TIM13_IRQHandler                 0x080001b7   Thumb Code     0  startup_stm32f4xx.o(.text)
    UART4_IRQHandler                         0x080001b7   Thumb Code     0  startup_stm32f4xx.o(.text)
    UART5_IRQHandler                         0x080001b7   Thumb Code     0  startup_stm32f4xx.o(.text)
    USART1_IRQHandler                        0x080001b7   Thumb Code     0  startup_stm32f4xx.o(.text)
    USART3_IRQHandler                        0x080001b7   Thumb Code     0  startup_stm32f4xx.o(.text)
    USART6_IRQHandler                        0x080001b7   Thumb Code     0  startup_stm32f4xx.o(.text)
    WWDG_IRQHandler                          0x080001b7   Thumb Code     0  startup_stm32f4xx.o(.text)
    PDM_Filter_Init                          0x080001c1   Thumb Code   222  pdm_filter.o(.text)
    PDM_Filter_64_LSB                        0x0800029f   Thumb Code   660  pdm_filter.o(.text)
    PDM_Filter_80_LSB                        0x08000533   Thumb Code   692  pdm_filter.o(.text)
    PDM_Filter_64_MSB                        0x080007e7   Thumb Code   658  pdm_filter.o(.text)
    PDM_Filter_80_MSB                        0x08000a79   Thumb Code   830  pdm_filter.o(.text)
    __ARM_scalbnf                            0x08000dbd   Thumb Code    24  fscalb.o(.text)
    scalbnf                                  0x08000dbd   Thumb Code     0  fscalb.o(.text)
    __aeabi_dadd                             0x08000dd5   Thumb Code   322  dadd.o(.text)
    __aeabi_dsub                             0x08000f17   Thumb Code     6  dadd.o(.text)
    __aeabi_drsub                            0x08000f1d   Thumb Code     6  dadd.o(.text)
    __aeabi_dmul                             0x08000f23   Thumb Code   228  dmul.o(.text)
    __aeabi_ddiv                             0x08001007   Thumb Code   222  ddiv.o(.text)
    __aeabi_i2d                              0x080010e5   Thumb Code    34  dflti.o(.text)
    __aeabi_ui2d                             0x08001107   Thumb Code    26  dfltui.o(.text)
    __aeabi_d2iz                             0x08001121   Thumb Code    62  dfixi.o(.text)
    __aeabi_d2uiz                            0x0800115f   Thumb Code    50  dfixui.o(.text)
    __aeabi_f2d                              0x08001191   Thumb Code    38  f2d.o(.text)
    __aeabi_cdrcmple                         0x080011b9   Thumb Code    48  cdrcmple.o(.text)
    __aeabi_uidiv                            0x080011e9   Thumb Code     0  uidiv.o(.text)
    __aeabi_uidivmod                         0x080011e9   Thumb Code    44  uidiv.o(.text)
    __aeabi_llsl                             0x08001215   Thumb Code    30  llshl.o(.text)
    _ll_shift_l                              0x08001215   Thumb Code     0  llshl.o(.text)
    __aeabi_llsr                             0x08001233   Thumb Code    32  llushr.o(.text)
    _ll_ushift_r                             0x08001233   Thumb Code     0  llushr.o(.text)
    __aeabi_lasr                             0x08001253   Thumb Code    36  llsshr.o(.text)
    _ll_sshift_r                             0x08001253   Thumb Code     0  llsshr.o(.text)
    __I$use$fp                               0x08001277   Thumb Code     0  iusefp.o(.text)
    _double_round                            0x08001277   Thumb Code    30  depilogue.o(.text)
    _double_epilogue                         0x08001295   Thumb Code   156  depilogue.o(.text)
    __scatterload                            0x08001331   Thumb Code    28  init.o(.text)
    __scatterload_rt2                        0x08001331   Thumb Code     0  init.o(.text)
    __decompress                             0x08001355   Thumb Code     0  __dczerorl2.o(.text)
    __decompress1                            0x08001355   Thumb Code    86  __dczerorl2.o(.text)
    Audio_MAL_Play                           0x08001451   Thumb Code    86  stm32f4_discovery_audio_codec.o(i.Audio_MAL_Play)
    BusFault_Handler                         0x080014b9   Thumb Code     2  stm32f4xx_it.o(i.BusFault_Handler)
    DAC_Cmd                                  0x0800175d   Thumb Code    24  stm32f4xx_dac.o(i.DAC_Cmd)
    DAC_Init                                 0x08001779   Thumb Code    48  stm32f4xx_dac.o(i.DAC_Init)
    DAC_SetChannel1Data                      0x080017ad   Thumb Code    22  stm32f4xx_dac.o(i.DAC_SetChannel1Data)
    DMA1_Stream0_IRQHandler                  0x080017c3   Thumb Code     4  stm32f4_discovery_audio_codec.o(i.DMA1_Stream0_IRQHandler)
    DMA1_Stream7_IRQHandler                  0x080017c7   Thumb Code     4  stm32f4_discovery_audio_codec.o(i.DMA1_Stream7_IRQHandler)
    DMA_ClearFlag                            0x080017cd   Thumb Code    28  stm32f4xx_dma.o(i.DMA_ClearFlag)
    DMA_Cmd                                  0x080017f9   Thumb Code    18  stm32f4xx_dma.o(i.DMA_Cmd)
    DMA_DeInit                               0x0800180d   Thumb Code   298  stm32f4xx_dma.o(i.DMA_DeInit)
    DMA_GetCmdStatus                         0x08001991   Thumb Code    16  stm32f4xx_dma.o(i.DMA_GetCmdStatus)
    DMA_GetFlagStatus                        0x080019a1   Thumb Code    36  stm32f4xx_dma.o(i.DMA_GetFlagStatus)
    DMA_ITConfig                             0x080019d5   Thumb Code    64  stm32f4xx_dma.o(i.DMA_ITConfig)
    DMA_Init                                 0x08001a15   Thumb Code   116  stm32f4xx_dma.o(i.DMA_Init)
    DebugMon_Handler                         0x08001a8d   Thumb Code     2  stm32f4xx_it.o(i.DebugMon_Handler)
    EVAL_AUDIO_GetSampleCallBack             0x08001a8f   Thumb Code     4  headphone.o(i.EVAL_AUDIO_GetSampleCallBack)
    EVAL_AUDIO_Init                          0x08001a95   Thumb Code   964  stm32f4_discovery_audio_codec.o(i.EVAL_AUDIO_Init)
    EVAL_AUDIO_SetAudioInterface             0x08001e81   Thumb Code   110  stm32f4_discovery_audio_codec.o(i.EVAL_AUDIO_SetAudioInterface)
    EVAL_AUDIO_TransferComplete_CallBack     0x08001f19   Thumb Code    34  headphone.o(i.EVAL_AUDIO_TransferComplete_CallBack)
    EXTI0_IRQHandler                         0x08001f49   Thumb Code    66  stm32f4xx_it.o(i.EXTI0_IRQHandler)
    EXTI1_IRQHandler                         0x08001f95   Thumb Code    30  stm32f4xx_it.o(i.EXTI1_IRQHandler)
    EXTI_ClearITPendingBit                   0x08001fb5   Thumb Code     6  stm32f4xx_exti.o(i.EXTI_ClearITPendingBit)
    EXTI_GetITStatus                         0x08001fc1   Thumb Code    24  stm32f4xx_exti.o(i.EXTI_GetITStatus)
    EXTI_Init                                0x08001fe1   Thumb Code   134  stm32f4xx_exti.o(i.EXTI_Init)
    GPIO_Init                                0x08002071   Thumb Code   144  stm32f4xx_gpio.o(i.GPIO_Init)
    GPIO_PinAFConfig                         0x08002101   Thumb Code    34  stm32f4xx_gpio.o(i.GPIO_PinAFConfig)
    GPIO_ResetBits                           0x08002123   Thumb Code     4  stm32f4xx_gpio.o(i.GPIO_ResetBits)
    GPIO_SetBits                             0x08002127   Thumb Code     4  stm32f4xx_gpio.o(i.GPIO_SetBits)
    GPIO_WriteBit                            0x0800212b   Thumb Code    10  stm32f4xx_gpio.o(i.GPIO_WriteBit)
    HardFault_Handler                        0x08002135   Thumb Code     2  stm32f4xx_it.o(i.HardFault_Handler)
    I2C_AcknowledgeConfig                    0x08002137   Thumb Code    18  stm32f4xx_i2c.o(i.I2C_AcknowledgeConfig)
    I2C_CheckEvent                           0x08002149   Thumb Code    26  stm32f4xx_i2c.o(i.I2C_CheckEvent)
    I2C_ClearFlag                            0x08002163   Thumb Code     6  stm32f4xx_i2c.o(i.I2C_ClearFlag)
    I2C_Cmd                                  0x08002169   Thumb Code    18  stm32f4xx_i2c.o(i.I2C_Cmd)
    I2C_DeInit                               0x0800217b   Thumb Code   100  stm32f4xx_i2c.o(i.I2C_DeInit)
    I2C_GenerateSTART                        0x080021df   Thumb Code    18  stm32f4xx_i2c.o(i.I2C_GenerateSTART)
    I2C_GenerateSTOP                         0x080021f1   Thumb Code    18  stm32f4xx_i2c.o(i.I2C_GenerateSTOP)
    I2C_GetFlagStatus                        0x08002203   Thumb Code    42  stm32f4xx_i2c.o(i.I2C_GetFlagStatus)
    I2C_Init                                 0x0800222d   Thumb Code   188  stm32f4xx_i2c.o(i.I2C_Init)
    I2C_ReceiveData                          0x080022f1   Thumb Code     6  stm32f4xx_i2c.o(i.I2C_ReceiveData)
    I2C_Send7bitAddress                      0x080022f7   Thumb Code    16  stm32f4xx_i2c.o(i.I2C_Send7bitAddress)
    I2C_SendData                             0x08002307   Thumb Code     4  stm32f4xx_i2c.o(i.I2C_SendData)
    I2S_Cmd                                  0x0800230b   Thumb Code    18  stm32f4xx_spi.o(i.I2S_Cmd)
    I2S_Init                                 0x0800231d   Thumb Code   224  stm32f4xx_spi.o(i.I2S_Init)
    MemManage_Handler                        0x08002411   Thumb Code     2  stm32f4xx_it.o(i.MemManage_Handler)
    NMI_Handler                              0x08002413   Thumb Code     2  stm32f4xx_it.o(i.NMI_Handler)
    NVIC_Init                                0x08002415   Thumb Code   106  misc.o(i.NVIC_Init)
    NVIC_PriorityGroupConfig                 0x08002485   Thumb Code    14  misc.o(i.NVIC_PriorityGroupConfig)
    PendSV_Handler                           0x08002499   Thumb Code     2  stm32f4xx_it.o(i.PendSV_Handler)
    RCC_AHB1PeriphClockCmd                   0x0800249d   Thumb Code    18  stm32f4xx_rcc.o(i.RCC_AHB1PeriphClockCmd)
    RCC_APB1PeriphClockCmd                   0x080024b5   Thumb Code    18  stm32f4xx_rcc.o(i.RCC_APB1PeriphClockCmd)
    RCC_APB1PeriphResetCmd                   0x080024cd   Thumb Code    18  stm32f4xx_rcc.o(i.RCC_APB1PeriphResetCmd)
    RCC_APB2PeriphClockCmd                   0x080024e5   Thumb Code    18  stm32f4xx_rcc.o(i.RCC_APB2PeriphClockCmd)
    RCC_APB2PeriphResetCmd                   0x080024fd   Thumb Code    18  stm32f4xx_rcc.o(i.RCC_APB2PeriphResetCmd)
    RCC_GetClocksFreq                        0x08002515   Thumb Code   150  stm32f4xx_rcc.o(i.RCC_GetClocksFreq)
    SPI2_IRQHandler                          0x080025bd   Thumb Code    76  microphone.o(i.SPI2_IRQHandler)
    SPI3_IRQHandler                          0x08002619   Thumb Code    54  stm32f4_discovery_audio_codec.o(i.SPI3_IRQHandler)
    SPI_Cmd                                  0x08002659   Thumb Code    18  stm32f4xx_spi.o(i.SPI_Cmd)
    SPI_I2S_DMACmd                           0x0800266b   Thumb Code    16  stm32f4xx_spi.o(i.SPI_I2S_DMACmd)
    SPI_I2S_DeInit                           0x0800267b   Thumb Code   100  stm32f4xx_spi.o(i.SPI_I2S_DeInit)
    SPI_I2S_GetFlagStatus                    0x080026df   Thumb Code    14  stm32f4xx_spi.o(i.SPI_I2S_GetFlagStatus)
    SPI_I2S_GetITStatus                      0x080026ed   Thumb Code    46  stm32f4xx_spi.o(i.SPI_I2S_GetITStatus)
    SPI_I2S_ITConfig                         0x0800271b   Thumb Code    26  stm32f4xx_spi.o(i.SPI_I2S_ITConfig)
    SPI_I2S_ReceiveData                      0x08002735   Thumb Code     4  stm32f4xx_spi.o(i.SPI_I2S_ReceiveData)
    SPI_I2S_SendData                         0x08002739   Thumb Code     4  stm32f4xx_spi.o(i.SPI_I2S_SendData)
    SPI_Init                                 0x0800273d   Thumb Code    84  stm32f4xx_spi.o(i.SPI_Init)
    STM_EVAL_LEDInit                         0x08002791   Thumb Code    64  stm32f4_discovery.o(i.STM_EVAL_LEDInit)
    STM_EVAL_LEDOff                          0x080027dd   Thumb Code    16  stm32f4_discovery.o(i.STM_EVAL_LEDOff)
    STM_EVAL_LEDOn                           0x080027f5   Thumb Code    16  stm32f4_discovery.o(i.STM_EVAL_LEDOn)
    STM_EVAL_LEDToggle                       0x0800280d   Thumb Code    20  stm32f4_discovery.o(i.STM_EVAL_LEDToggle)
    STM_EVAL_PBInit                          0x08002829   Thumb Code   140  stm32f4_discovery.o(i.STM_EVAL_PBInit)
    SVC_Handler                              0x080028cd   Thumb Code     2  stm32f4xx_it.o(i.SVC_Handler)
    SYSCFG_EXTILineConfig                    0x080028cf   Thumb Code    46  stm32f4xx_syscfg.o(i.SYSCFG_EXTILineConfig)
    SysTick_Handler                          0x080028fd   Thumb Code   214  stm32f4xx_it.o(i.SysTick_Handler)
    SystemInit                               0x080029dd   Thumb Code   254  system_stm32f4xx.o(i.SystemInit)
    USART2_IRQHandler                        0x08002b09   Thumb Code   560  headphone.o(i.USART2_IRQHandler)
    USART_Cmd                                0x08002d71   Thumb Code    18  stm32f4xx_usart.o(i.USART_Cmd)
    USART_GetITStatus                        0x08002d83   Thumb Code    76  stm32f4xx_usart.o(i.USART_GetITStatus)
    USART_ITConfig                           0x08002dcf   Thumb Code    48  stm32f4xx_usart.o(i.USART_ITConfig)
    USART_Init                               0x08002e01   Thumb Code   180  stm32f4xx_usart.o(i.USART_Init)
    USART_SendData                           0x08002eb9   Thumb Code     8  stm32f4xx_usart.o(i.USART_SendData)
    UsageFault_Handler                       0x08002ec1   Thumb Code     2  stm32f4xx_it.o(i.UsageFault_Handler)
    WavePlayBack                             0x08002ec9   Thumb Code  1380  headphone.o(i.WavePlayBack)
    WaveRecorderBeginSampling                0x08003451   Thumb Code    56  microphone.o(i.WaveRecorderBeginSampling)
    WaveRecorderCallback                     0x08003495   Thumb Code    52  headphone.o(i.WaveRecorderCallback)
    WaveRecorderInit                         0x080034cd   Thumb Code   274  microphone.o(i.WaveRecorderInit)
    __0sprintf$6                             0x08003601   Thumb Code    34  printf6.o(i.__0sprintf$6)
    __1sprintf$6                             0x08003601   Thumb Code     0  printf6.o(i.__0sprintf$6)
    __2sprintf                               0x08003601   Thumb Code     0  printf6.o(i.__0sprintf$6)
    __ARM_fpclassify                         0x08003629   Thumb Code    48  fpclassify.o(i.__ARM_fpclassify)
    __hardfp_sin                             0x08003659   Thumb Code   180  sin.o(i.__hardfp_sin)
    __ieee754_rem_pio2                       0x08003721   Thumb Code   938  rred.o(i.__ieee754_rem_pio2)
    __kernel_cos                             0x08003b59   Thumb Code   322  cos_i.o(i.__kernel_cos)
    __kernel_poly                            0x08003cc9   Thumb Code   248  poly.o(i.__kernel_poly)
    __kernel_sin                             0x08003dc1   Thumb Code   280  sin_i.o(i.__kernel_sin)
    __mathlib_dbl_infnan                     0x08003ef1   Thumb Code    20  dunder.o(i.__mathlib_dbl_infnan)
    __mathlib_dbl_invalid                    0x08003f09   Thumb Code    24  dunder.o(i.__mathlib_dbl_invalid)
    __mathlib_dbl_underflow                  0x08003f29   Thumb Code    24  dunder.o(i.__mathlib_dbl_underflow)
    __scatterload_copy                       0x08003f49   Thumb Code    14  handlers.o(i.__scatterload_copy)
    __scatterload_null                       0x08003f57   Thumb Code     2  handlers.o(i.__scatterload_null)
    __scatterload_zeroinit                   0x08003f59   Thumb Code    14  handlers.o(i.__scatterload_zeroinit)
    __set_errno                              0x08003f69   Thumb Code     6  errno.o(i.__set_errno)
    changePitch                              0x080042c1   Thumb Code   320  headphone.o(i.changePitch)
    checkXY                                  0x08004419   Thumb Code   454  headphone.o(i.checkXY)
    fabs                                     0x080046b9   Thumb Code    24  fabs.o(i.fabs)
    main                                     0x080046d1   Thumb Code    94  main.o(i.main)
    BUTTON_PORT_SOURCE                       0x08004738   Data           1  stm32f4_discovery.o(.constdata)
    BUTTON_PIN_SOURCE                        0x08004739   Data           1  stm32f4_discovery.o(.constdata)
    BUTTON_IRQn                              0x0800473a   Data           1  stm32f4_discovery.o(.constdata)
    BUTTON_PIN                               0x0800473c   Data           2  stm32f4_discovery.o(.constdata)
    BUTTON_EXTI_LINE                         0x0800473e   Data           2  stm32f4_discovery.o(.constdata)
    BUTTON_CLK                               0x08004740   Data           4  stm32f4_discovery.o(.constdata)
    GPIO_PIN                                 0x08004744   Data           8  stm32f4_discovery.o(.constdata)
    GPIO_CLK                                 0x0800474c   Data          16  stm32f4_discovery.o(.constdata)
    Region$$Table$$Base                      0x08004880   Number         0  anon$$obj.o(Region$$Table)
    Region$$Table$$Limit                     0x080048a0   Number         0  anon$$obj.o(Region$$Table)
    user_mode                                0x20000000   Data           4  main.o(.data)
    LED_Toggle                               0x20000004   Data           1  stm32f4xx_it.o(.data)
    msec_counter                             0x2000000c   Data           4  stm32f4xx_it.o(.data)
    x                                        0x20000012   Data           1  headphone.o(.data)
    y                                        0x20000013   Data           1  headphone.o(.data)
    z                                        0x20000014   Data           1  headphone.o(.data)
    dat                                      0x20000016   Data           2  headphone.o(.data)
    total_frame                              0x20000018   Data           4  headphone.o(.data)
    kx_r                                     0x2000001c   Data           4  headphone.o(.data)
    ky_r                                     0x20000020   Data           4  headphone.o(.data)
    kx_l                                     0x20000024   Data           4  headphone.o(.data)
    ky_l                                     0x20000028   Data           4  headphone.o(.data)
    kData                                    0x2000002c   Data           4  headphone.o(.data)
    frame                                    0x20000030   Data           4  headphone.o(.data)
    current_sample                           0x20000034   Data           4  headphone.o(.data)
    C_FREQUENCY                              0x20000038   Data           8  headphone.o(.data)
    D_FREQUENCY                              0x20000040   Data           8  headphone.o(.data)
    E_FREQUENCY                              0x20000048   Data           8  headphone.o(.data)
    F_FREQUENCY                              0x20000050   Data           8  headphone.o(.data)
    G_FREQUENCY                              0x20000058   Data           8  headphone.o(.data)
    A_FREQUENCY                              0x20000060   Data           8  headphone.o(.data)
    B_FREQUENCY                              0x20000068   Data           8  headphone.o(.data)
    C5_FREQUENCY                             0x20000070   Data           8  headphone.o(.data)
    samples_per_cycle                        0x20000078   Data           8  headphone.o(.data)
    AudioRecBitRes                           0x20000084   Data           4  microphone.o(.data)
    AudioRecChnlNbr                          0x20000088   Data           4  microphone.o(.data)
    AudioRecCurrSize                         0x2000008c   Data           4  microphone.o(.data)
    pAudioRecBuf                             0x20000094   Data           4  microphone.o(.data)
    BUTTON_PORT                              0x20000098   Data           4  stm32f4_discovery.o(.data)
    GPIO_PORT                                0x2000009c   Data          16  stm32f4_discovery.o(.data)
    OutputDev                                0x200000ac   Data           1  stm32f4_discovery_audio_codec.o(.data)
    AudioTotalSize                           0x200000b0   Data           4  stm32f4_discovery_audio_codec.o(.data)
    AudioRemSize                             0x200000b4   Data           4  stm32f4_discovery_audio_codec.o(.data)
    CODECTimeout                             0x200000b8   Data           4  stm32f4_discovery_audio_codec.o(.data)
    CurrAudioInterface                       0x200000bc   Data           4  stm32f4_discovery_audio_codec.o(.data)
    AUDIO_MAL_DMA_CLOCK                      0x200000c0   Data           4  stm32f4_discovery_audio_codec.o(.data)
    AUDIO_MAL_DMA_STREAM                     0x200000c4   Data           4  stm32f4_discovery_audio_codec.o(.data)
    AUDIO_MAL_DMA_DREG                       0x200000c8   Data           4  stm32f4_discovery_audio_codec.o(.data)
    AUDIO_MAL_DMA_CHANNEL                    0x200000cc   Data           4  stm32f4_discovery_audio_codec.o(.data)
    AUDIO_MAL_DMA_IRQ                        0x200000d0   Data           4  stm32f4_discovery_audio_codec.o(.data)
    AUDIO_MAL_DMA_FLAG_TC                    0x200000d4   Data           4  stm32f4_discovery_audio_codec.o(.data)
    AUDIO_MAL_DMA_FLAG_HT                    0x200000d8   Data           4  stm32f4_discovery_audio_codec.o(.data)
    AUDIO_MAL_DMA_FLAG_FE                    0x200000dc   Data           4  stm32f4_discovery_audio_codec.o(.data)
    AUDIO_MAL_DMA_FLAG_TE                    0x200000e0   Data           4  stm32f4_discovery_audio_codec.o(.data)
    AUDIO_MAL_DMA_FLAG_DME                   0x200000e4   Data           4  stm32f4_discovery_audio_codec.o(.data)
    CurrentPos                               0x200000e8   Data           4  stm32f4_discovery_audio_codec.o(.data)
    stm32_crc                                0x200000fc   Data           4  pdm_filter.o(.data)
    T0                                       0x20000100   Data         256  pdm_filter.o(.data)
    T1                                       0x20000200   Data         256  pdm_filter.o(.data)
    T2                                       0x20000300   Data         256  pdm_filter.o(.data)
    RCC_Clocks                               0x20000404   Data          16  main.o(.bss)
    Filter                                   0x20001414   Data          52  microphone.o(.bss)
    RecBuf                                   0x20001448   Data          32  microphone.o(.bss)
    DMA_InitStructure                        0x200014e8   Data          60  stm32f4_discovery_audio_codec.o(.bss)
    __initial_sp                             0x20001928   Data           0  startup_stm32f4xx.o(STACK)



==============================================================================

Memory Map of the image

  Image Entry point : 0x08000189

  Load Region LR_IROM1 (Base: 0x08000000, Size: 0x00004ca4, Max: 0x00100000, ABSOLUTE, COMPRESSED[0x00004b2c])

    Execution Region ER_IROM1 (Base: 0x08000000, Size: 0x000048a0, Max: 0x00100000, ABSOLUTE)

    Base Addr    Size         Type   Attr      Idx    E Section Name        Object

    0x08000000   0x00000188   Data   RO          311    RESET               startup_stm32f4xx.o
    0x08000188   0x00000000   Code   RO          327  * .ARM.Collect$$$$00000000  mc_w.l(entry.o)
    0x08000188   0x00000004   Code   RO          488    .ARM.Collect$$$$00000001  mc_w.l(entry2.o)
    0x0800018c   0x00000004   Code   RO          491    .ARM.Collect$$$$00000004  mc_w.l(entry5.o)
    0x08000190   0x00000000   Code   RO          493    .ARM.Collect$$$$00000008  mc_w.l(entry7b.o)
    0x08000190   0x00000000   Code   RO          495    .ARM.Collect$$$$0000000A  mc_w.l(entry8b.o)
    0x08000190   0x00000008   Code   RO          496    .ARM.Collect$$$$0000000B  mc_w.l(entry9a.o)
    0x08000198   0x00000000   Code   RO          498    .ARM.Collect$$$$0000000D  mc_w.l(entry10a.o)
    0x08000198   0x00000000   Code   RO          500    .ARM.Collect$$$$0000000F  mc_w.l(entry11a.o)
    0x08000198   0x00000004   Code   RO          489    .ARM.Collect$$$$00002712  mc_w.l(entry2.o)
    0x0800019c   0x00000024   Code   RO          312    .text               startup_stm32f4xx.o
    0x080001c0   0x00000bfc   Code   RO          313    .text               libPDMFilter_Keil.lib(pdm_filter.o)
    0x08000dbc   0x00000018   Code   RO          462    .text               mf_w.l(fscalb.o)
    0x08000dd4   0x0000014e   Code   RO          463    .text               mf_w.l(dadd.o)
    0x08000f22   0x000000e4   Code   RO          464    .text               mf_w.l(dmul.o)
    0x08001006   0x000000de   Code   RO          465    .text               mf_w.l(ddiv.o)
    0x080010e4   0x00000022   Code   RO          466    .text               mf_w.l(dflti.o)
    0x08001106   0x0000001a   Code   RO          467    .text               mf_w.l(dfltui.o)
    0x08001120   0x0000003e   Code   RO          468    .text               mf_w.l(dfixi.o)
    0x0800115e   0x00000032   Code   RO          469    .text               mf_w.l(dfixui.o)
    0x08001190   0x00000026   Code   RO          470    .text               mf_w.l(f2d.o)
    0x080011b6   0x00000002   PAD
    0x080011b8   0x00000030   Code   RO          471    .text               mf_w.l(cdrcmple.o)
    0x080011e8   0x0000002c   Code   RO          504    .text               mc_w.l(uidiv.o)
    0x08001214   0x0000001e   Code   RO          506    .text               mc_w.l(llshl.o)
    0x08001232   0x00000020   Code   RO          507    .text               mc_w.l(llushr.o)
    0x08001252   0x00000024   Code   RO          508    .text               mc_w.l(llsshr.o)
    0x08001276   0x00000000   Code   RO          513    .text               mc_w.l(iusefp.o)
    0x08001276   0x000000ba   Code   RO          514    .text               mf_w.l(depilogue.o)
    0x08001330   0x00000024   Code   RO          522    .text               mc_w.l(init.o)
    0x08001354   0x00000056   Code   RO          530    .text               mc_w.l(__dczerorl2.o)
    0x080013aa   0x00000002   PAD
    0x080013ac   0x000000a4   Code   RO           70    i.Audio_MAL_IRQHandler  stm32f4_discovery_audio_codec.o
    0x08001450   0x00000068   Code   RO           71    i.Audio_MAL_Play    stm32f4_discovery_audio_codec.o
    0x080014b8   0x00000002   Code   RO            6    i.BusFault_Handler  stm32f4xx_it.o
    0x080014ba   0x00000002   PAD
    0x080014bc   0x000002a0   Code   RO           73    i.Codec_WriteRegister  stm32f4_discovery_audio_codec.o
    0x0800175c   0x0000001c   Code   RO          105    i.DAC_Cmd           stm32f4xx_dac.o
    0x08001778   0x00000034   Code   RO          113    i.DAC_Init          stm32f4xx_dac.o
    0x080017ac   0x00000016   Code   RO          114    i.DAC_SetChannel1Data  stm32f4xx_dac.o
    0x080017c2   0x00000004   Code   RO           75    i.DMA1_Stream0_IRQHandler  stm32f4_discovery_audio_codec.o
    0x080017c6   0x00000004   Code   RO           76    i.DMA1_Stream7_IRQHandler  stm32f4_discovery_audio_codec.o
    0x080017ca   0x00000002   PAD
    0x080017cc   0x0000002c   Code   RO          121    i.DMA_ClearFlag     stm32f4xx_dma.o
    0x080017f8   0x00000012   Code   RO          123    i.DMA_Cmd           stm32f4xx_dma.o
    0x0800180a   0x00000002   PAD
    0x0800180c   0x00000184   Code   RO          124    i.DMA_DeInit        stm32f4xx_dma.o
    0x08001990   0x00000010   Code   RO          128    i.DMA_GetCmdStatus  stm32f4xx_dma.o
    0x080019a0   0x00000034   Code   RO          132    i.DMA_GetFlagStatus  stm32f4xx_dma.o
    0x080019d4   0x00000040   Code   RO          134    i.DMA_ITConfig      stm32f4xx_dma.o
    0x08001a14   0x00000078   Code   RO          135    i.DMA_Init          stm32f4xx_dma.o
    0x08001a8c   0x00000002   Code   RO            7    i.DebugMon_Handler  stm32f4xx_it.o
    0x08001a8e   0x00000004   Code   RO           24    i.EVAL_AUDIO_GetSampleCallBack  headphone.o
    0x08001a92   0x00000002   PAD
    0x08001a94   0x000003ec   Code   RO           78    i.EVAL_AUDIO_Init   stm32f4_discovery_audio_codec.o
    0x08001e80   0x00000098   Code   RO           82    i.EVAL_AUDIO_SetAudioInterface  stm32f4_discovery_audio_codec.o
    0x08001f18   0x00000030   Code   RO           26    i.EVAL_AUDIO_TransferComplete_CallBack  headphone.o
    0x08001f48   0x0000004c   Code   RO            8    i.EXTI0_IRQHandler  stm32f4xx_it.o
    0x08001f94   0x0000001e   Code   RO            9    i.EXTI1_IRQHandler  stm32f4xx_it.o
    0x08001fb2   0x00000002   PAD
    0x08001fb4   0x0000000c   Code   RO          263    i.EXTI_ClearITPendingBit  stm32f4xx_exti.o
    0x08001fc0   0x00000020   Code   RO          267    i.EXTI_GetITStatus  stm32f4xx_exti.o
    0x08001fe0   0x00000090   Code   RO          268    i.EXTI_Init         stm32f4xx_exti.o
    0x08002070   0x00000090   Code   RO          142    i.GPIO_Init         stm32f4xx_gpio.o
    0x08002100   0x00000022   Code   RO          143    i.GPIO_PinAFConfig  stm32f4xx_gpio.o
    0x08002122   0x00000004   Code   RO          149    i.GPIO_ResetBits    stm32f4xx_gpio.o
    0x08002126   0x00000004   Code   RO          150    i.GPIO_SetBits      stm32f4xx_gpio.o
    0x0800212a   0x0000000a   Code   RO          154    i.GPIO_WriteBit     stm32f4xx_gpio.o
    0x08002134   0x00000002   Code   RO           10    i.HardFault_Handler  stm32f4xx_it.o
    0x08002136   0x00000012   Code   RO          157    i.I2C_AcknowledgeConfig  stm32f4xx_i2c.o
    0x08002148   0x0000001a   Code   RO          159    i.I2C_CheckEvent    stm32f4xx_i2c.o
    0x08002162   0x00000006   Code   RO          160    i.I2C_ClearFlag     stm32f4xx_i2c.o
    0x08002168   0x00000012   Code   RO          162    i.I2C_Cmd           stm32f4xx_i2c.o
    0x0800217a   0x00000064   Code   RO          165    i.I2C_DeInit        stm32f4xx_i2c.o
    0x080021de   0x00000012   Code   RO          169    i.I2C_GenerateSTART  stm32f4xx_i2c.o
    0x080021f0   0x00000012   Code   RO          170    i.I2C_GenerateSTOP  stm32f4xx_i2c.o
    0x08002202   0x0000002a   Code   RO          171    i.I2C_GetFlagStatus  stm32f4xx_i2c.o
    0x0800222c   0x000000c4   Code   RO          176    i.I2C_Init          stm32f4xx_i2c.o
    0x080022f0   0x00000006   Code   RO          181    i.I2C_ReceiveData   stm32f4xx_i2c.o
    0x080022f6   0x00000010   Code   RO          183    i.I2C_Send7bitAddress  stm32f4xx_i2c.o
    0x08002306   0x00000004   Code   RO          184    i.I2C_SendData      stm32f4xx_i2c.o
    0x0800230a   0x00000012   Code   RO          236    i.I2S_Cmd           stm32f4xx_spi.o
    0x0800231c   0x000000f4   Code   RO          238    i.I2S_Init          stm32f4xx_spi.o
    0x08002410   0x00000002   Code   RO           11    i.MemManage_Handler  stm32f4xx_it.o
    0x08002412   0x00000002   Code   RO           12    i.NMI_Handler       stm32f4xx_it.o
    0x08002414   0x00000070   Code   RO           90    i.NVIC_Init         misc.o
    0x08002484   0x00000014   Code   RO           91    i.NVIC_PriorityGroupConfig  misc.o
    0x08002498   0x00000002   Code   RO           13    i.PendSV_Handler    stm32f4xx_it.o
    0x0800249a   0x00000002   PAD
    0x0800249c   0x00000018   Code   RO          190    i.RCC_AHB1PeriphClockCmd  stm32f4xx_rcc.o
    0x080024b4   0x00000018   Code   RO          199    i.RCC_APB1PeriphClockCmd  stm32f4xx_rcc.o
    0x080024cc   0x00000018   Code   RO          201    i.RCC_APB1PeriphResetCmd  stm32f4xx_rcc.o
    0x080024e4   0x00000018   Code   RO          202    i.RCC_APB2PeriphClockCmd  stm32f4xx_rcc.o
    0x080024fc   0x00000018   Code   RO          204    i.RCC_APB2PeriphResetCmd  stm32f4xx_rcc.o
    0x08002514   0x000000a8   Code   RO          211    i.RCC_GetClocksFreq  stm32f4xx_rcc.o
    0x080025bc   0x0000005c   Code   RO           48    i.SPI2_IRQHandler   microphone.o
    0x08002618   0x00000040   Code   RO           85    i.SPI3_IRQHandler   stm32f4_discovery_audio_codec.o
    0x08002658   0x00000012   Code   RO          242    i.SPI_Cmd           stm32f4xx_spi.o
    0x0800266a   0x00000010   Code   RO          248    i.SPI_I2S_DMACmd    stm32f4xx_spi.o
    0x0800267a   0x00000064   Code   RO          249    i.SPI_I2S_DeInit    stm32f4xx_spi.o
    0x080026de   0x0000000e   Code   RO          250    i.SPI_I2S_GetFlagStatus  stm32f4xx_spi.o
    0x080026ec   0x0000002e   Code   RO          251    i.SPI_I2S_GetITStatus  stm32f4xx_spi.o
    0x0800271a   0x0000001a   Code   RO          252    i.SPI_I2S_ITConfig  stm32f4xx_spi.o
    0x08002734   0x00000004   Code   RO          253    i.SPI_I2S_ReceiveData  stm32f4xx_spi.o
    0x08002738   0x00000004   Code   RO          254    i.SPI_I2S_SendData  stm32f4xx_spi.o
    0x0800273c   0x00000054   Code   RO          255    i.SPI_Init          stm32f4xx_spi.o
    0x08002790   0x0000004c   Code   RO           60    i.STM_EVAL_LEDInit  stm32f4_discovery.o
    0x080027dc   0x00000018   Code   RO           61    i.STM_EVAL_LEDOff   stm32f4_discovery.o
    0x080027f4   0x00000018   Code   RO           62    i.STM_EVAL_LEDOn    stm32f4_discovery.o
    0x0800280c   0x0000001c   Code   RO           63    i.STM_EVAL_LEDToggle  stm32f4_discovery.o
    0x08002828   0x000000a4   Code   RO           65    i.STM_EVAL_PBInit   stm32f4_discovery.o
    0x080028cc   0x00000002   Code   RO           14    i.SVC_Handler       stm32f4xx_it.o
    0x080028ce   0x0000002e   Code   RO           99    i.SYSCFG_EXTILineConfig  stm32f4xx_syscfg.o
    0x080028fc   0x000000e0   Code   RO           15    i.SysTick_Handler   stm32f4xx_it.o
    0x080029dc   0x0000012c   Code   RO           20    i.SystemInit        system_stm32f4xx.o
    0x08002b08   0x00000268   Code   RO           27    i.USART2_IRQHandler  headphone.o
    0x08002d70   0x00000012   Code   RO          284    i.USART_Cmd         stm32f4xx_usart.o
    0x08002d82   0x0000004c   Code   RO          288    i.USART_GetITStatus  stm32f4xx_usart.o
    0x08002dce   0x00000030   Code   RO          290    i.USART_ITConfig    stm32f4xx_usart.o
    0x08002dfe   0x00000002   PAD
    0x08002e00   0x000000b8   Code   RO          291    i.USART_Init        stm32f4xx_usart.o
    0x08002eb8   0x00000008   Code   RO          301    i.USART_SendData    stm32f4xx_usart.o
    0x08002ec0   0x00000002   Code   RO           16    i.UsageFault_Handler  stm32f4xx_it.o
    0x08002ec2   0x00000006   PAD
    0x08002ec8   0x00000588   Code   RO           29    i.WavePlayBack      headphone.o
    0x08003450   0x00000044   Code   RO           49    i.WaveRecorderBeginSampling  microphone.o
    0x08003494   0x00000038   Code   RO           31    i.WaveRecorderCallback  headphone.o
    0x080034cc   0x00000134   Code   RO           50    i.WaveRecorderInit  microphone.o
    0x08003600   0x00000028   Code   RO          411    i.__0sprintf$6      mc_w.l(printf6.o)
    0x08003628   0x00000030   Code   RO          520    i.__ARM_fpclassify  m_wm.l(fpclassify.o)
    0x08003658   0x000000c8   Code   RO          321    i.__hardfp_sin      m_wm.l(sin.o)
    0x08003720   0x00000438   Code   RO          481    i.__ieee754_rem_pio2  m_wm.l(rred.o)
    0x08003b58   0x00000170   Code   RO          472    i.__kernel_cos      m_wm.l(cos_i.o)
    0x08003cc8   0x000000f8   Code   RO          521    i.__kernel_poly     m_wm.l(poly.o)
    0x08003dc0   0x00000130   Code   RO          484    i.__kernel_sin      m_wm.l(sin_i.o)
    0x08003ef0   0x00000014   Code   RO          475    i.__mathlib_dbl_infnan  m_wm.l(dunder.o)
    0x08003f04   0x00000004   PAD
    0x08003f08   0x00000020   Code   RO          477    i.__mathlib_dbl_invalid  m_wm.l(dunder.o)
    0x08003f28   0x00000020   Code   RO          480    i.__mathlib_dbl_underflow  m_wm.l(dunder.o)
    0x08003f48   0x0000000e   Code   RO          527    i.__scatterload_copy  mc_w.l(handlers.o)
    0x08003f56   0x00000002   Code   RO          528    i.__scatterload_null  mc_w.l(handlers.o)
    0x08003f58   0x0000000e   Code   RO          529    i.__scatterload_zeroinit  mc_w.l(handlers.o)
    0x08003f66   0x00000002   PAD
    0x08003f68   0x0000000c   Code   RO          511    i.__set_errno       mc_w.l(errno.o)
    0x08003f74   0x000002f0   Code   RO          416    i._printf_core      mc_w.l(printf6.o)
    0x08004264   0x00000024   Code   RO          417    i._printf_post_padding  mc_w.l(printf6.o)
    0x08004288   0x0000002e   Code   RO          418    i._printf_pre_padding  mc_w.l(printf6.o)
    0x080042b6   0x0000000a   Code   RO          420    i._sputc            mc_w.l(printf6.o)
    0x080042c0   0x00000158   Code   RO           34    i.changePitch       headphone.o
    0x08004418   0x000002a0   Code   RO           35    i.checkXY           headphone.o
    0x080046b8   0x00000018   Code   RO          519    i.fabs              m_wm.l(fabs.o)
    0x080046d0   0x00000068   Code   RO            2    i.main              main.o
    0x08004738   0x00000024   Data   RO           66    .constdata          stm32f4_discovery.o
    0x0800475c   0x00000004   PAD
    0x08004760   0x00000030   Data   RO          473    .constdata          m_wm.l(cos_i.o)
    0x08004790   0x000000c8   Data   RO          483    .constdata          m_wm.l(rred.o)
    0x08004858   0x00000028   Data   RO          485    .constdata          m_wm.l(sin_i.o)
    0x08004880   0x00000020   Data   RO          525    Region$$Table       anon$$obj.o


    Execution Region RW_IRAM1 (Base: 0x20000000, Size: 0x00001928, Max: 0x00020000, ABSOLUTE, COMPRESSED[0x0000028c])

    Base Addr    Size         Type   Attr      Idx    E Section Name        Object

    0x20000000   0x00000004   Data   RW            4    .data               main.o
    0x20000004   0x0000000c   Data   RW           17    .data               stm32f4xx_it.o
    0x20000010   0x00000070   Data   RW           42    .data               headphone.o
    0x20000080   0x00000018   Data   RW           53    .data               microphone.o
    0x20000098   0x00000014   Data   RW           67    .data               stm32f4_discovery.o
    0x200000ac   0x00000040   Data   RW           88    .data               stm32f4_discovery_audio_codec.o
    0x200000ec   0x00000010   Data   RW          234    .data               stm32f4xx_rcc.o
    0x200000fc   0x00000304   Data   RW          314    .data               libPDMFilter_Keil.lib(pdm_filter.o)
    0x20000400   0x00000004   Data   RW          512    .data               mc_w.l(errno.o)
    0x20000404   0x00000010   Zero   RW            3    .bss                main.o
    0x20000414   0x00001000   Zero   RW           41    .bss                headphone.o
    0x20001414   0x000000d4   Zero   RW           52    .bss                microphone.o
    0x200014e8   0x0000003c   Zero   RW           86    .bss                stm32f4_discovery_audio_codec.o
    0x20001524   0x00000004   PAD
    0x20001528   0x00000400   Zero   RW          309    STACK               startup_stm32f4xx.o


==============================================================================

Image component sizes


      Code (inc. data)   RO Data    RW Data    ZI Data      Debug   Object Name

      3156        412          0        112       4096          0   headphone.o
       104         10          0          4         16          0   main.o
       468         62          0         24        212          0   microphone.o
       132         12          0          0          0          0   misc.o
        36          8        392          0       1024          0   startup_stm32f4xx.o
       316         60         36         20          0          0   stm32f4_discovery.o
      2168        158          0         64         60          0   stm32f4_discovery_audio_codec.o
       102          8          0          0          0          0   stm32f4xx_dac.o
       702        126          0          0          0          0   stm32f4xx_dma.o
       188         24          0          0          0          0   stm32f4xx_exti.o
       196          0          0          0          0          0   stm32f4xx_gpio.o
       468          8          0          0          0          0   stm32f4xx_i2c.o
       346         20          0         12          0          0   stm32f4xx_it.o
       288         48          0         16          0          0   stm32f4xx_rcc.o
       574         20          0          0          0          0   stm32f4xx_spi.o
        46          0          0          0          0          0   stm32f4xx_syscfg.o
       334          4          0          0          0          0   stm32f4xx_usart.o
       300         46          0          0          0          0   system_stm32f4xx.o

    ----------------------------------------------------------------------
      9944       1026        464        252       5412          0   Object Totals
         0          0         32          0          0          0   (incl. Generated)
        20          0          4          0          4          0   (incl. Padding)

    ----------------------------------------------------------------------

      Code (inc. data)   RO Data    RW Data    ZI Data      Debug   Library Member Name

      3068         54          0        772          0          0   pdm_filter.o
       368         46         48          0          0          0   cos_i.o
        84         16          0          0          0          0   dunder.o
        24          0          0          0          0          0   fabs.o
        48          0          0          0          0          0   fpclassify.o
       248          0          0          0          0          0   poly.o
      1080        142        200          0          0          0   rred.o
       200         20          0          0          0          0   sin.o
       304         24         40          0          0          0   sin_i.o
        86          0          0          0          0          0   __dczerorl2.o
         0          0          0          0          0          0   entry.o
         0          0          0          0          0          0   entry10a.o
         0          0          0          0          0          0   entry11a.o
         8          4          0          0          0          0   entry2.o
         4          0          0          0          0          0   entry5.o
         0          0          0          0          0          0   entry7b.o
         0          0          0          0          0          0   entry8b.o
         8          4          0          0          0          0   entry9a.o
        12          6          0          4          0          0   errno.o
        30          0          0          0          0          0   handlers.o
        36          8          0          0          0          0   init.o
         0          0          0          0          0          0   iusefp.o
        30          0          0          0          0          0   llshl.o
        36          0          0          0          0          0   llsshr.o
        32          0          0          0          0          0   llushr.o
       884         10          0          0          0          0   printf6.o
        44          0          0          0          0          0   uidiv.o
        48          0          0          0          0          0   cdrcmple.o
       334          0          0          0          0          0   dadd.o
       222          0          0          0          0          0   ddiv.o
       186          0          0          0          0          0   depilogue.o
        62          0          0          0          0          0   dfixi.o
        50          0          0          0          0          0   dfixui.o
        34          0          0          0          0          0   dflti.o
        26          0          0          0          0          0   dfltui.o
       228          0          0          0          0          0   dmul.o
        38          0          0          0          0          0   f2d.o
        24          0          0          0          0          0   fscalb.o

    ----------------------------------------------------------------------
      7896        334        288        776          0          0   Library Totals
        10          0          0          0          0          0   (incl. Padding)

    ----------------------------------------------------------------------

      Code (inc. data)   RO Data    RW Data    ZI Data      Debug   Library Name

      3068         54          0        772          0          0   libPDMFilter_Keil.lib
      2356        248        288          0          0          0   m_wm.l
      1210         32          0          4          0          0   mc_w.l
      1252          0          0          0          0          0   mf_w.l

    ----------------------------------------------------------------------
      7896        334        288        776          0          0   Library Totals

    ----------------------------------------------------------------------

==============================================================================


      Code (inc. data)   RO Data    RW Data    ZI Data      Debug   

     17840       1360        752       1028       5412          0   Grand Totals
     17840       1360        752        652       5412          0   ELF Image Totals (compressed)
     17840       1360        752        652          0          0   ROM Totals

==============================================================================

    Total RO  Size (Code + RO Data)                18592 (  18.16kB)
    Total RW  Size (RW Data + ZI Data)              6440 (   6.29kB)
    Total ROM Size (Code + RO Data + RW Data)      19244 (  18.79kB)

==============================================================================

